Archive member included to satisfy reference by file (symbol)

c:/program files (x86)/gnu tools arm embedded/5.4 2016q2/bin/../lib/gcc/arm-none-eabi/5.4.1/armv7e-m\libgcc.a(_arm_addsubdf3.o)
                              ..\obj\th_fatfs.o (__aeabi_ui2d)
c:/program files (x86)/gnu tools arm embedded/5.4 2016q2/bin/../lib/gcc/arm-none-eabi/5.4.1/armv7e-m\libgcc.a(_arm_muldivdf3.o)
                              ..\obj\functions.o (__aeabi_dmul)
c:/program files (x86)/gnu tools arm embedded/5.4 2016q2/bin/../lib/gcc/arm-none-eabi/5.4.1/armv7e-m\libgcc.a(_arm_fixunsdfsi.o)
                              ..\obj\functions.o (__aeabi_d2uiz)
c:/program files (x86)/gnu tools arm embedded/5.4 2016q2/bin/../lib/gcc/arm-none-eabi/5.4.1/../../../../arm-none-eabi/lib/armv7e-m\libg.a(lib_a-atoi.o)
                              ..\obj\functions.o (atoi)
c:/program files (x86)/gnu tools arm embedded/5.4 2016q2/bin/../lib/gcc/arm-none-eabi/5.4.1/../../../../arm-none-eabi/lib/armv7e-m\libg.a(lib_a-itoa.o)
                              ..\obj\main.o (itoa)
c:/program files (x86)/gnu tools arm embedded/5.4 2016q2/bin/../lib/gcc/arm-none-eabi/5.4.1/../../../../arm-none-eabi/lib/armv7e-m\libg.a(lib_a-malloc.o)
                              ..\obj\syscall.o (malloc)
c:/program files (x86)/gnu tools arm embedded/5.4 2016q2/bin/../lib/gcc/arm-none-eabi/5.4.1/../../../../arm-none-eabi/lib/armv7e-m\libg.a(lib_a-mallocr.o)
                              c:/program files (x86)/gnu tools arm embedded/5.4 2016q2/bin/../lib/gcc/arm-none-eabi/5.4.1/../../../../arm-none-eabi/lib/armv7e-m\libg.a(lib_a-malloc.o) (_malloc_r)
c:/program files (x86)/gnu tools arm embedded/5.4 2016q2/bin/../lib/gcc/arm-none-eabi/5.4.1/../../../../arm-none-eabi/lib/armv7e-m\libg.a(lib_a-memset.o)
                              ..\obj\th_aes.o (memset)
c:/program files (x86)/gnu tools arm embedded/5.4 2016q2/bin/../lib/gcc/arm-none-eabi/5.4.1/../../../../arm-none-eabi/lib/armv7e-m\libg.a(lib_a-mlock.o)
                              c:/program files (x86)/gnu tools arm embedded/5.4 2016q2/bin/../lib/gcc/arm-none-eabi/5.4.1/../../../../arm-none-eabi/lib/armv7e-m\libg.a(lib_a-mallocr.o) (__malloc_lock)
c:/program files (x86)/gnu tools arm embedded/5.4 2016q2/bin/../lib/gcc/arm-none-eabi/5.4.1/../../../../arm-none-eabi/lib/armv7e-m\libg.a(lib_a-sbrkr.o)
                              c:/program files (x86)/gnu tools arm embedded/5.4 2016q2/bin/../lib/gcc/arm-none-eabi/5.4.1/../../../../arm-none-eabi/lib/armv7e-m\libg.a(lib_a-mallocr.o) (_sbrk_r)
c:/program files (x86)/gnu tools arm embedded/5.4 2016q2/bin/../lib/gcc/arm-none-eabi/5.4.1/../../../../arm-none-eabi/lib/armv7e-m\libg.a(lib_a-snprintf.o)
                              ..\obj\functions.o (snprintf)
c:/program files (x86)/gnu tools arm embedded/5.4 2016q2/bin/../lib/gcc/arm-none-eabi/5.4.1/../../../../arm-none-eabi/lib/armv7e-m\libg.a(lib_a-sprintf.o)
                              ..\obj\main.o (sprintf)
c:/program files (x86)/gnu tools arm embedded/5.4 2016q2/bin/../lib/gcc/arm-none-eabi/5.4.1/../../../../arm-none-eabi/lib/armv7e-m\libg.a(lib_a-strcat.o)
                              ..\obj\functions.o (strcat)
c:/program files (x86)/gnu tools arm embedded/5.4 2016q2/bin/../lib/gcc/arm-none-eabi/5.4.1/../../../../arm-none-eabi/lib/armv7e-m\libg.a(lib_a-strcmp.o)
                              ..\obj\main.o (strcmp)
c:/program files (x86)/gnu tools arm embedded/5.4 2016q2/bin/../lib/gcc/arm-none-eabi/5.4.1/../../../../arm-none-eabi/lib/armv7e-m\libg.a(lib_a-strcpy.o)
                              ..\obj\th_fatfs.o (strcpy)
c:/program files (x86)/gnu tools arm embedded/5.4 2016q2/bin/../lib/gcc/arm-none-eabi/5.4.1/../../../../arm-none-eabi/lib/armv7e-m\libg.a(lib_a-strlen.o)
                              ..\obj\main.o (strlen)
c:/program files (x86)/gnu tools arm embedded/5.4 2016q2/bin/../lib/gcc/arm-none-eabi/5.4.1/../../../../arm-none-eabi/lib/armv7e-m\libg.a(lib_a-strtol.o)
                              c:/program files (x86)/gnu tools arm embedded/5.4 2016q2/bin/../lib/gcc/arm-none-eabi/5.4.1/../../../../arm-none-eabi/lib/armv7e-m\libg.a(lib_a-atoi.o) (_strtol_r)
c:/program files (x86)/gnu tools arm embedded/5.4 2016q2/bin/../lib/gcc/arm-none-eabi/5.4.1/../../../../arm-none-eabi/lib/armv7e-m\libg.a(lib_a-svfprintf.o)
                              c:/program files (x86)/gnu tools arm embedded/5.4 2016q2/bin/../lib/gcc/arm-none-eabi/5.4.1/../../../../arm-none-eabi/lib/armv7e-m\libg.a(lib_a-snprintf.o) (_svfprintf_r)
c:/program files (x86)/gnu tools arm embedded/5.4 2016q2/bin/../lib/gcc/arm-none-eabi/5.4.1/../../../../arm-none-eabi/lib/armv7e-m\libg.a(lib_a-utoa.o)
                              c:/program files (x86)/gnu tools arm embedded/5.4 2016q2/bin/../lib/gcc/arm-none-eabi/5.4.1/../../../../arm-none-eabi/lib/armv7e-m\libg.a(lib_a-itoa.o) (__utoa)
[...]
Memory Configuration

Name             Origin             Length             Attributes
rom              0x08000000         0x00100000         xr
ram              0x20000000         0x00020000         xrw
ram1             0x10000000         0x00010000         xrw
*default*        0x00000000         0xffffffff

Linker script and memory map

                0x20020000                _eram = 0x20020000

.text           0x08000000    0x12e64
 *(.isr_vector)
 .isr_vector    0x08000000      0x188 ..\obj\startup_stm32f4xx.o
                0x08000000                g_pfnVectors
 *(.text*)
 .text.ff_convert
                0x08000188       0x74 ..\obj\unicode.o
                0x08000188                ff_convert
 .text.ff_wtoupper
                0x080001fc       0x5c ..\obj\unicode.o
                0x080001fc                ff_wtoupper
 .text.USB_OTG_EnableCommonInt
                0x08000258       0x44 ..\obj\usb_core.o
 .text.USB_OTG_CoreReset
                0x0800029c       0x90 ..\obj\usb_core.o
 .text.USB_OTG_WritePacket
                0x0800032c       0x74 ..\obj\usb_core.o
                0x0800032c                USB_OTG_WritePacket
 .text.USB_OTG_ReadPacket
                0x080003a0       0x58 ..\obj\usb_core.o
                0x080003a0                USB_OTG_ReadPacket
 .text.USB_OTG_SelectCore
                0x080003f8      0x174 ..\obj\usb_core.o
                0x080003f8                USB_OTG_SelectCore
 .text.USB_OTG_CoreInit
                0x0800056c      0x13c ..\obj\usb_core.o
                0x0800056c                USB_OTG_CoreInit
 .text.USB_OTG_EnableGlobalInt
                0x080006a8       0x34 ..\obj\usb_core.o
                0x080006a8                USB_OTG_EnableGlobalInt
 .text.USB_OTG_DisableGlobalInt
                0x080006dc       0x38 ..\obj\usb_core.o
                0x080006dc                USB_OTG_DisableGlobalInt
 .text.USB_OTG_FlushTxFifo
                0x08000714       0x74 ..\obj\usb_core.o
                0x08000714                USB_OTG_FlushTxFifo
 .text.USB_OTG_FlushRxFifo
                0x08000788       0x60 ..\obj\usb_core.o
                0x08000788                USB_OTG_FlushRxFifo
 .text.USB_OTG_SetCurrentMode
                0x080007e8       0x60 ..\obj\usb_core.o
                0x080007e8                USB_OTG_SetCurrentMode
 .text.USB_OTG_GetMode
                0x08000848       0x1c ..\obj\usb_core.o
                0x08000848                USB_OTG_GetMode
 .text.USB_OTG_IsDeviceMode
                0x08000864       0x24 ..\obj\usb_core.o
                0x08000864                USB_OTG_IsDeviceMode
 .text.USB_OTG_ReadCoreItr
                0x08000888       0x2c ..\obj\usb_core.o
                0x08000888                USB_OTG_ReadCoreItr
 .text.USB_OTG_InitDevSpeed
                0x080008b4       0x38 ..\obj\usb_core.o
                0x080008b4                USB_OTG_InitDevSpeed
 .text.USB_OTG_CoreInitDev
                0x080008ec      0x264 ..\obj\usb_core.o
                0x080008ec                USB_OTG_CoreInitDev
 .text.USB_OTG_EnableDevInt
                0x08000b50       0x98 ..\obj\usb_core.o
                0x08000b50                USB_OTG_EnableDevInt
 .text.USB_OTG_GetDeviceSpeed
                0x08000be8       0x48 ..\obj\usb_core.o
                0x08000be8                USB_OTG_GetDeviceSpeed
 .text.USB_OTG_EP0Activate
                0x08000c30       0x74 ..\obj\usb_core.o
                0x08000c30                USB_OTG_EP0Activate
 .text.USB_OTG_EPActivate
                0x08000ca4       0xdc ..\obj\usb_core.o
                0x08000ca4                USB_OTG_EPActivate
 .text.USB_OTG_EPDeactivate
                0x08000d80       0x88 ..\obj\usb_core.o
                0x08000d80                USB_OTG_EPDeactivate
 .text.USB_OTG_EPStartXfer
                0x08000e08      0x280 ..\obj\usb_core.o
                0x08000e08                USB_OTG_EPStartXfer
 .text.USB_OTG_EP0StartXfer
                0x08001088      0x1d4 ..\obj\usb_core.o
                0x08001088                USB_OTG_EP0StartXfer
 .text.USB_OTG_EPSetStall
                0x0800125c       0x84 ..\obj\usb_core.o
                0x0800125c                USB_OTG_EPSetStall
 .text.USB_OTG_EPClearStall
                0x080012e0       0x74 ..\obj\usb_core.o
                0x080012e0                USB_OTG_EPClearStall
 .text.USB_OTG_ReadDevAllOutEp_itr
                0x08001354       0x2c ..\obj\usb_core.o
                0x08001354                USB_OTG_ReadDevAllOutEp_itr
 .text.USB_OTG_ReadDevOutEP_itr
                0x08001380       0x34 ..\obj\usb_core.o
                0x08001380                USB_OTG_ReadDevOutEP_itr
 .text.USB_OTG_ReadDevAllInEPItr
                0x080013b4       0x2c ..\obj\usb_core.o
                0x080013b4                USB_OTG_ReadDevAllInEPItr
 .text.USB_OTG_EP0_OutStart
                0x080013e0       0x70 ..\obj\usb_core.o
                0x080013e0                USB_OTG_EP0_OutStart
 .text.TH_ADC_Init
                0x08001450       0x30 ..\obj\th_adc.o
                0x08001450                TH_ADC_Init
 .text.TH_ADC_InitADC
                0x08001480       0xa0 ..\obj\th_adc.o
                0x08001480                TH_ADC_InitADC
 .text.TH_ADC_Read
                0x08001520       0x54 ..\obj\th_adc.o
                0x08001520                TH_ADC_Read
 .text.USBD_USR_Init
                0x08001574       0x18 ..\obj\usbd_usr.o
                0x08001574                USBD_USR_Init
 .text.USBD_USR_DeviceReset
                0x0800158c       0x20 ..\obj\usbd_usr.o
                0x0800158c                USBD_USR_DeviceReset
 .text.USBD_USR_DeviceConfigured
                0x080015ac       0x18 ..\obj\usbd_usr.o
                0x080015ac                USBD_USR_DeviceConfigured
 .text.USBD_USR_DeviceSuspended
                0x080015c4       0x18 ..\obj\usbd_usr.o
                0x080015c4                USBD_USR_DeviceSuspended
 .text.USBD_USR_DeviceResumed
                0x080015dc       0x18 ..\obj\usbd_usr.o
                0x080015dc                USBD_USR_DeviceResumed
 .text.USBD_USR_DeviceConnected
                0x080015f4       0x18 ..\obj\usbd_usr.o
                0x080015f4                USBD_USR_DeviceConnected
 .text.USBD_USR_DeviceDisconnected
                0x0800160c       0x18 ..\obj\usbd_usr.o
                0x0800160c                USBD_USR_DeviceDisconnected
 .text.NVIC_SetPriority
                0x08001624       0x54 ..\obj\th_systick.o
 .text.SysTick_Config
                0x08001678       0x44 ..\obj\th_systick.o
 .text.TH_SYSTICK_Init
                0x080016bc       0x48 ..\obj\th_systick.o
                0x080016bc                TH_SYSTICK_Init
 .text.TH_SYSTICK_Pause_us
                0x08001704       0x28 ..\obj\th_systick.o
                0x08001704                TH_SYSTICK_Pause_us
 .text.TH_SYSTICK_Pause_ms
                0x0800172c       0x2c ..\obj\th_systick.o
                0x0800172c                TH_SYSTICK_Pause_ms
 .text.SysTick_Handler
                0x08001758       0x84 ..\obj\th_systick.o
                0x08001758                SysTick_Handler
 .text.USART_Init
                0x080017dc      0x174 ..\obj\stm32f4xx_usart.o
                0x080017dc                USART_Init
 .text.USART_Cmd
                0x08001950       0x40 ..\obj\stm32f4xx_usart.o
                0x08001950                USART_Cmd
 .text.USART_OverSampling8Cmd
                0x08001990       0x44 ..\obj\stm32f4xx_usart.o
                0x08001990                USART_OverSampling8Cmd
 .text.USART_SendData
                0x080019d4       0x24 ..\obj\stm32f4xx_usart.o
                0x080019d4                USART_SendData
 .text.USART_ReceiveData
                0x080019f8       0x20 ..\obj\stm32f4xx_usart.o
                0x080019f8                USART_ReceiveData
 .text.USART_ITConfig
                0x08001a18       0x90 ..\obj\stm32f4xx_usart.o
                0x08001a18                USART_ITConfig
 .text.USART_GetFlagStatus
                0x08001aa8       0x38 ..\obj\stm32f4xx_usart.o
                0x08001aa8                USART_GetFlagStatus
 .text.USART_GetITStatus
                0x08001ae0       0xb4 ..\obj\stm32f4xx_usart.o
                0x08001ae0                USART_GetITStatus
 .text.PWR_BackupAccessCmd
                0x08001b94       0x20 ..\obj\stm32f4xx_pwr.o
                0x08001b94                PWR_BackupAccessCmd
 .text.TH_USB_VCP_Init
                0x08001bb4       0x58 ..\obj\th_usb_vcp.o
                0x08001bb4                TH_USB_VCP_Init
 .text.TH_USB_VCP_BufferEmpty
                0x08001c0c       0x20 ..\obj\th_usb_vcp.o
                0x08001c0c                TH_USB_VCP_BufferEmpty
 .text.TH_USB_VCP_BufferFull
                0x08001c2c       0x20 ..\obj\th_usb_vcp.o
                0x08001c2c                TH_USB_VCP_BufferFull
 .text.TH_USB_VCP_FindCharacter
                0x08001c4c       0x60 ..\obj\th_usb_vcp.o
                0x08001c4c                TH_USB_VCP_FindCharacter
 .text.TH_USB_VCP_Getc
                0x08001cac       0x6c ..\obj\th_usb_vcp.o
                0x08001cac                TH_USB_VCP_Getc
 .text.TH_USB_VCP_Putc
                0x08001d18       0x28 ..\obj\th_usb_vcp.o
                0x08001d18                TH_USB_VCP_Putc
 .text.TH_USB_VCP_Puts
                0x08001d40       0x2c ..\obj\th_usb_vcp.o
                0x08001d40                TH_USB_VCP_Puts
 .text.TH_USB_VCP_Gets
                0x08001d6c       0x88 ..\obj\th_usb_vcp.o
                0x08001d6c                TH_USB_VCP_Gets
 .text.TH_INT_USB_VCP_AddReceived
                0x08001df4       0x5c ..\obj\th_usb_vcp.o
                0x08001df4                TH_INT_USB_VCP_AddReceived
 .text.CAN_DeInit
                0x08001e50       0x48 ..\obj\stm32f4xx_can.o
                0x08001e50                CAN_DeInit
 .text.CAN_Init
                0x08001e98      0x1a0 ..\obj\stm32f4xx_can.o
                0x08001e98                CAN_Init
 .text.CAN_FilterInit
                0x08002038      0x174 ..\obj\stm32f4xx_can.o
                0x08002038                CAN_FilterInit
 .text.CAN_Transmit
                0x080021ac      0x194 ..\obj\stm32f4xx_can.o
                0x080021ac                CAN_Transmit
 .text.CAN_Receive
                0x08002340      0x174 ..\obj\stm32f4xx_can.o
                0x08002340                CAN_Receive
 .text.CAN_ITConfig
                0x080024b4       0x3c ..\obj\stm32f4xx_can.o
                0x080024b4                CAN_ITConfig
 .text.disk_initialize
                0x080024f0       0x44 ..\obj\diskio.o
                0x080024f0                disk_initialize
 .text.disk_status
                0x08002534       0x48 ..\obj\diskio.o
                0x08002534                disk_status
 .text.disk_read
                0x0800257c       0x5c ..\obj\diskio.o
                0x0800257c                disk_read
 .text.disk_write
                0x080025d8       0x5c ..\obj\diskio.o
                0x080025d8                disk_write
 .text.disk_ioctl
                0x08002634       0x54 ..\obj\diskio.o
                0x08002634                disk_ioctl
 .text.get_fattime
                0x08002688       0x14 ..\obj\diskio.o
                0x08002688                get_fattime
 .text.TH_FATFS_USB_disk_initialize
                0x0800269c       0x10 ..\obj\diskio.o
                0x0800269c                TH_FATFS_USB_disk_initialize
 .text.TH_FATFS_SDRAM_disk_initialize
                0x080026ac       0x10 ..\obj\diskio.o
                0x080026ac                TH_FATFS_SDRAM_disk_initialize
 .text.TH_FATFS_SPI_FLASH_disk_initialize
                0x080026bc       0x10 ..\obj\diskio.o
                0x080026bc                TH_FATFS_SPI_FLASH_disk_initialize
 .text.TH_FATFS_USB_disk_status
                0x080026cc       0x10 ..\obj\diskio.o
                0x080026cc                TH_FATFS_USB_disk_status
 .text.TH_FATFS_SDRAM_disk_status
                0x080026dc       0x10 ..\obj\diskio.o
                0x080026dc                TH_FATFS_SDRAM_disk_status
 .text.TH_FATFS_SPI_FLASH_disk_status
                0x080026ec       0x10 ..\obj\diskio.o
                0x080026ec                TH_FATFS_SPI_FLASH_disk_status
 .text.TH_FATFS_USB_disk_ioctl
                0x080026fc       0x18 ..\obj\diskio.o
                0x080026fc                TH_FATFS_USB_disk_ioctl
 .text.TH_FATFS_SDRAM_disk_ioctl
                0x08002714       0x18 ..\obj\diskio.o
                0x08002714                TH_FATFS_SDRAM_disk_ioctl
 .text.TH_FATFS_SPI_FLASH_disk_ioctl
                0x0800272c       0x18 ..\obj\diskio.o
                0x0800272c                TH_FATFS_SPI_FLASH_disk_ioctl
 .text.TH_FATFS_USB_disk_read
                0x08002744       0x18 ..\obj\diskio.o
                0x08002744                TH_FATFS_USB_disk_read
 .text.TH_FATFS_SDRAM_disk_read
                0x0800275c       0x18 ..\obj\diskio.o
                0x0800275c                TH_FATFS_SDRAM_disk_read
 .text.TH_FATFS_SPI_FLASH_disk_read
                0x08002774       0x18 ..\obj\diskio.o
                0x08002774                TH_FATFS_SPI_FLASH_disk_read
 .text.TH_FATFS_USB_disk_write
                0x0800278c       0x18 ..\obj\diskio.o
                0x0800278c                TH_FATFS_USB_disk_write
 .text.TH_FATFS_SDRAM_disk_write
                0x080027a4       0x18 ..\obj\diskio.o
                0x080027a4                TH_FATFS_SDRAM_disk_write
 .text.TH_FATFS_SPI_FLASH_disk_write
                0x080027bc       0x18 ..\obj\diskio.o
                0x080027bc                TH_FATFS_SPI_FLASH_disk_write
 .text.TH_UART_Init
                0x080027d4      0x330 ..\obj\th_uart.o
                0x080027d4                TH_UART_Init
 .text.TH_UART_SendByte
                0x08002b04       0x5c ..\obj\th_uart.o
                0x08002b04                TH_UART_SendByte
 .text.TH_UART_SendString
                0x08002b60       0x94 ..\obj\th_uart.o
                0x08002b60                TH_UART_SendString
 .text.TH_UART_ReceiveString
                0x08002bf4      0x160 ..\obj\th_uart.o
                0x08002bf4                TH_UART_ReceiveString
 .text.P_UART_Receive
                0x08002d54       0xac ..\obj\th_uart.o
                0x08002d54                P_UART_Receive
 .text.P_UART_RX_INT
                0x08002e00       0x54 ..\obj\th_uart.o
                0x08002e00                P_UART_RX_INT
 .text.USART3_IRQHandler
                0x08002e54       0x40 ..\obj\th_uart.o
                0x08002e54                USART3_IRQHandler
 .text.Default_Reset_Handler
                0x08002e94       0x5c ..\obj\startup_stm32f4xx.o
                0x08002e94                Default_Reset_Handler
                0x08002e94                Reset_Handler
 .text.Default_Handler
                0x08002ef0        0x8 ..\obj\startup_stm32f4xx.o
                0x08002ef0                RTC_Alarm_IRQHandler
                0x08002ef0                HASH_RNG_IRQHandler
                0x08002ef0                EXTI2_IRQHandler
                0x08002ef0                TIM8_CC_IRQHandler
                0x08002ef0                DebugMon_Handler
                0x08002ef0                TIM1_CC_IRQHandler
                0x08002ef0                DMA2_Stream5_IRQHandler
                0x08002ef0                HardFault_Handler
                0x08002ef0                DMA1_Stream5_IRQHandler
                0x08002ef0                PVD_IRQHandler
                0x08002ef0                SDIO_IRQHandler
                0x08002ef0                TAMP_STAMP_IRQHandler
                0x08002ef0                PendSV_Handler
                0x08002ef0                NMI_Handler
                0x08002ef0                CAN2_RX1_IRQHandler
                0x08002ef0                EXTI3_IRQHandler
                0x08002ef0                TIM8_TRG_COM_TIM14_IRQHandler
                0x08002ef0                TIM1_UP_TIM10_IRQHandler
                0x08002ef0                TIM8_UP_TIM13_IRQHandler
                0x08002ef0                I2C3_ER_IRQHandler
                0x08002ef0                EXTI0_IRQHandler
                0x08002ef0                I2C2_EV_IRQHandler
                0x08002ef0                DMA1_Stream2_IRQHandler
                0x08002ef0                FPU_IRQHandler
                0x08002ef0                OTG_HS_WKUP_IRQHandler
                0x08002ef0                UsageFault_Handler
                0x08002ef0                CAN2_SCE_IRQHandler
                0x08002ef0                DMA2_Stream2_IRQHandler
                0x08002ef0                SPI1_IRQHandler
                0x08002ef0                TIM6_DAC_IRQHandler
                0x08002ef0                TIM1_BRK_TIM9_IRQHandler
                0x08002ef0                DCMI_IRQHandler
                0x08002ef0                DMA2_Stream3_IRQHandler
                0x08002ef0                USART6_IRQHandler
                0x08002ef0                CRYP_IRQHandler
                0x08002ef0                CAN1_RX1_IRQHandler
                0x08002ef0                UART5_IRQHandler
                0x08002ef0                DMA2_Stream0_IRQHandler
                0x08002ef0                TIM4_IRQHandler
                0x08002ef0                I2C1_EV_IRQHandler
                0x08002ef0                DMA1_Stream6_IRQHandler
                0x08002ef0                DMA1_Stream1_IRQHandler
                0x08002ef0                UART4_IRQHandler
                0x08002ef0                TIM3_IRQHandler
                0x08002ef0                RCC_IRQHandler
                0x08002ef0                TIM8_BRK_TIM12_IRQHandler
                0x08002ef0                EXTI15_10_IRQHandler
                0x08002ef0                ADC_IRQHandler
                0x08002ef0                DMA1_Stream7_IRQHandler
                0x08002ef0                TIM7_IRQHandler
                0x08002ef0                CAN2_TX_IRQHandler
                0x08002ef0                TIM5_IRQHandler
                0x08002ef0                DMA2_Stream7_IRQHandler
                0x08002ef0                I2C3_EV_IRQHandler
                0x08002ef0                EXTI9_5_IRQHandler
                0x08002ef0                RTC_WKUP_IRQHandler
                0x08002ef0                ETH_WKUP_IRQHandler
                0x08002ef0                SPI2_IRQHandler
                0x08002ef0                OTG_HS_EP1_IN_IRQHandler
                0x08002ef0                MemManage_Handler
                0x08002ef0                DMA1_Stream0_IRQHandler
                0x08002ef0                CAN1_TX_IRQHandler
                0x08002ef0                SVC_Handler
                0x08002ef0                EXTI4_IRQHandler
                0x08002ef0                FSMC_IRQHandler
                0x08002ef0                ETH_IRQHandler
                0x08002ef0                OTG_HS_EP1_OUT_IRQHandler
                0x08002ef0                WWDG_IRQHandler
                0x08002ef0                TIM2_IRQHandler
                0x08002ef0                TIM1_TRG_COM_TIM11_IRQHandler
                0x08002ef0                OTG_HS_IRQHandler
                0x08002ef0                EXTI1_IRQHandler
                0x08002ef0                USART2_IRQHandler
                0x08002ef0                I2C2_ER_IRQHandler
                0x08002ef0                DMA2_Stream1_IRQHandler
                0x08002ef0                CAN1_SCE_IRQHandler
                0x08002ef0                FLASH_IRQHandler
                0x08002ef0                DMA2_Stream4_IRQHandler
                0x08002ef0                BusFault_Handler
                0x08002ef0                USART1_IRQHandler
                0x08002ef0                SPI3_IRQHandler
                0x08002ef0                DMA1_Stream4_IRQHandler
                0x08002ef0                I2C1_ER_IRQHandler
                0x08002ef0                DMA2_Stream6_IRQHandler
                0x08002ef0                DMA1_Stream3_IRQHandler
 .text.USBD_Init
                0x08002ef8       0x58 ..\obj\usbd_core.o
                0x08002ef8                USBD_Init
 .text.USBD_DeInit
                0x08002f50       0x14 ..\obj\usbd_core.o
                0x08002f50                USBD_DeInit
 .text.USBD_SetupStage
                0x08002f64       0x6c ..\obj\usbd_core.o
 .text.USBD_DataOutStage
                0x08002fd0       0xcc ..\obj\usbd_core.o
 .text.USBD_DataInStage
                0x0800309c      0x11c ..\obj\usbd_core.o
 .text.USBD_RunTestMode
                0x080031b8       0x24 ..\obj\usbd_core.o
 .text.USBD_Reset
                0x080031dc       0x44 ..\obj\usbd_core.o
 .text.USBD_Resume
                0x08003220       0x30 ..\obj\usbd_core.o
 .text.USBD_Suspend
                0x08003250       0x30 ..\obj\usbd_core.o
 .text.USBD_SOF
                0x08003280       0x2c ..\obj\usbd_core.o
 .text.USBD_SetCfg
                0x080032ac       0x30 ..\obj\usbd_core.o
                0x080032ac                USBD_SetCfg
 .text.USBD_ClrCfg
                0x080032dc       0x28 ..\obj\usbd_core.o
                0x080032dc                USBD_ClrCfg
 .text.USBD_IsoINIncomplete
                0x08003304       0x20 ..\obj\usbd_core.o
 .text.USBD_IsoOUTIncomplete
                0x08003324       0x20 ..\obj\usbd_core.o
 .text.main     0x08003344      0x738 ..\obj\main.o
                0x08003344                main
 .text.RCC_LSEConfig
                0x08003a7c       0x40 ..\obj\stm32f4xx_rcc.o
                0x08003a7c                RCC_LSEConfig
 .text.RCC_GetClocksFreq
                0x08003abc      0x154 ..\obj\stm32f4xx_rcc.o
                0x08003abc                RCC_GetClocksFreq
 .text.RCC_RTCCLKConfig
                0x08003c10       0x5c ..\obj\stm32f4xx_rcc.o
                0x08003c10                RCC_RTCCLKConfig
 .text.RCC_RTCCLKCmd
                0x08003c6c       0x20 ..\obj\stm32f4xx_rcc.o
                0x08003c6c                RCC_RTCCLKCmd
 .text.RCC_AHB1PeriphClockCmd
                0x08003c8c       0x3c ..\obj\stm32f4xx_rcc.o
                0x08003c8c                RCC_AHB1PeriphClockCmd
 .text.RCC_AHB2PeriphClockCmd
                0x08003cc8       0x3c ..\obj\stm32f4xx_rcc.o
                0x08003cc8                RCC_AHB2PeriphClockCmd
 .text.RCC_APB1PeriphClockCmd
                0x08003d04       0x3c ..\obj\stm32f4xx_rcc.o
                0x08003d04                RCC_APB1PeriphClockCmd
 .text.RCC_APB2PeriphClockCmd
                0x08003d40       0x3c ..\obj\stm32f4xx_rcc.o
                0x08003d40                RCC_APB2PeriphClockCmd
 .text.RCC_APB1PeriphResetCmd
                0x08003d7c       0x3c ..\obj\stm32f4xx_rcc.o
                0x08003d7c                RCC_APB1PeriphResetCmd
 .text.RCC_GetFlagStatus
                0x08003db8       0x74 ..\obj\stm32f4xx_rcc.o
                0x08003db8                RCC_GetFlagStatus
 .text.ADC_Init
                0x08003e2c       0xa8 ..\obj\stm32f4xx_adc.o
                0x08003e2c                ADC_Init
 .text.ADC_CommonInit
                0x08003ed4       0x50 ..\obj\stm32f4xx_adc.o
                0x08003ed4                ADC_CommonInit
 .text.ADC_RegularChannelConfig
                0x08003f24      0x194 ..\obj\stm32f4xx_adc.o
                0x08003f24                ADC_RegularChannelConfig
 .text.TH_SPI_Send
                0x080040b8       0x74 ..\obj\fatfs_sd.o
 .text.init_spi
                0x0800412c       0x24 ..\obj\fatfs_sd.o
 .text.rcvr_spi_multi
                0x08004150       0x24 ..\obj\fatfs_sd.o
 .text.xmit_spi_multi
                0x08004174       0x20 ..\obj\fatfs_sd.o
 .text.wait_ready
                0x08004194       0x44 ..\obj\fatfs_sd.o
 .text.deselect
                0x080041d8       0x20 ..\obj\fatfs_sd.o
 .text.select   0x080041f8       0x38 ..\obj\fatfs_sd.o
 .text.rcvr_datablock
                0x08004230       0x60 ..\obj\fatfs_sd.o
 .text.xmit_datablock
                0x08004290       0x70 ..\obj\fatfs_sd.o
 .text.send_cmd
                0x08004300       0xf4 ..\obj\fatfs_sd.o
 .text.TH_FATFS_InitPins
                0x080043f4       0x24 ..\obj\fatfs_sd.o
                0x080043f4                TH_FATFS_InitPins
 .text.TH_FATFS_Detect
                0x08004418       0x10 ..\obj\fatfs_sd.o
                0x08004418                TH_FATFS_Detect
 .text.TH_FATFS_WriteEnabled
                0x08004428       0x10 ..\obj\fatfs_sd.o
                0x08004428                TH_FATFS_WriteEnabled
 .text.TH_FATFS_SD_disk_initialize
                0x08004438      0x1d0 ..\obj\fatfs_sd.o
                0x08004438                TH_FATFS_SD_disk_initialize
 .text.TH_FATFS_SD_disk_status
                0x08004608       0x4c ..\obj\fatfs_sd.o
                0x08004608                TH_FATFS_SD_disk_status
 .text.TH_FATFS_SD_disk_read
                0x08004654       0xc4 ..\obj\fatfs_sd.o
                0x08004654                TH_FATFS_SD_disk_read
 .text.TH_FATFS_SD_disk_write
                0x08004718      0x100 ..\obj\fatfs_sd.o
                0x08004718                TH_FATFS_SD_disk_write
 .text.TH_FATFS_SD_disk_ioctl
                0x08004818      0x2e4 ..\obj\fatfs_sd.o
                0x08004818                TH_FATFS_SD_disk_ioctl
 .text.TH_SPI_Init
                0x08004afc       0x30 ..\obj\th_spi.o
                0x08004afc                TH_SPI_Init
 .text.TH_SPI_WriteMulti
                0x08004b2c       0x88 ..\obj\th_spi.o
                0x08004b2c                TH_SPI_WriteMulti
 .text.TH_SPI_ReadMulti
                0x08004bb4       0x94 ..\obj\th_spi.o
                0x08004bb4                TH_SPI_ReadMulti
 .text.TH_SPIx_Init
                0x08004c48       0xc8 ..\obj\th_spi.o
 .text.TH_SPI1_INT_InitPins
                0x08004d10       0x30 ..\obj\th_spi.o
                0x08004d10                TH_SPI1_INT_InitPins
 .text.TH_RNG_Init
                0x08004d40       0x18 ..\obj\th_rng.o
                0x08004d40                TH_RNG_Init
 .text.setTime  0x08004d58       0xa4 ..\obj\functions.o
                0x08004d58                setTime
 .text.sendData
                0x08004dfc       0x30 ..\obj\functions.o
                0x08004dfc                sendData
 .text.receiveData
                0x08004e2c       0x50 ..\obj\functions.o
                0x08004e2c                receiveData
 .text.checkForStateChange
                0x08004e7c       0xc0 ..\obj\functions.o
                0x08004e7c                checkForStateChange
 .text.countFiles
                0x08004f3c       0x64 ..\obj\functions.o
                0x08004f3c                countFiles
 .text.init     0x08004fa0      0x22c ..\obj\functions.o
                0x08004fa0                init
 .text.saveData
                0x080051cc      0x12c ..\obj\functions.o
                0x080051cc                saveData
 .text.insertHeaderToFile
                0x080052f8      0x17c ..\obj\functions.o
                0x080052f8                insertHeaderToFile
 .text.sendCyphertext
                0x08005474       0x6c ..\obj\functions.o
                0x08005474                sendCyphertext
 .text.sendCAN  0x080054e0       0xd4 ..\obj\functions.o
                0x080054e0                sendCAN
 .text.initIVTMOD
                0x080055b4       0x8c ..\obj\functions.o
                0x080055b4                initIVTMOD
 .text.sendFrameToIVTMOD
                0x08005640       0x60 ..\obj\functions.o
                0x08005640                sendFrameToIVTMOD
 .text.TH_GPIO_Init
                0x080056a0       0x48 ..\obj\th_gpio.o
                0x080056a0                TH_GPIO_Init
 .text.TH_GPIO_InitAlternate
                0x080056e8       0xa8 ..\obj\th_gpio.o
                0x080056e8                TH_GPIO_InitAlternate
 .text.TH_GPIO_GetPortSource
                0x08005790       0x20 ..\obj\th_gpio.o
                0x08005790                TH_GPIO_GetPortSource
 .text.TH_GPIO_INT_EnableClock
                0x080057b0       0x30 ..\obj\th_gpio.o
                0x080057b0                TH_GPIO_INT_EnableClock
 .text.TH_GPIO_INT_Init
                0x080057e0      0x10c ..\obj\th_gpio.o
                0x080057e0                TH_GPIO_INT_Init
 .text.USBD_USR_DeviceDescriptor
                0x080058ec       0x24 ..\obj\usbd_desc.o
                0x080058ec                USBD_USR_DeviceDescriptor
 .text.USBD_USR_LangIDStrDescriptor
                0x08005910       0x24 ..\obj\usbd_desc.o
                0x08005910                USBD_USR_LangIDStrDescriptor
 .text.USBD_USR_ProductStrDescriptor
                0x08005934       0x28 ..\obj\usbd_desc.o
                0x08005934                USBD_USR_ProductStrDescriptor
 .text.USBD_USR_ManufacturerStrDescriptor
                0x0800595c       0x28 ..\obj\usbd_desc.o
                0x0800595c                USBD_USR_ManufacturerStrDescriptor
 .text.USBD_USR_SerialStrDescriptor
                0x08005984       0x28 ..\obj\usbd_desc.o
                0x08005984                USBD_USR_SerialStrDescriptor
 .text.USBD_USR_ConfigStrDescriptor
                0x080059ac       0x28 ..\obj\usbd_desc.o
                0x080059ac                USBD_USR_ConfigStrDescriptor
 .text.USBD_USR_InterfaceStrDescriptor
                0x080059d4       0x28 ..\obj\usbd_desc.o
                0x080059d4                USBD_USR_InterfaceStrDescriptor
 .text.TH_CAN1_Init
                0x080059fc       0x28 ..\obj\th_can1.o
                0x080059fc                TH_CAN1_Init
 .text.TH_CAN1_send_std_data
                0x08005a24       0xc4 ..\obj\th_can1.o
                0x08005a24                TH_CAN1_send_std_data
 .text.P1_init_NVIC
                0x08005ae8       0x28 ..\obj\th_can1.o
                0x08005ae8                P1_init_NVIC
 .text.P1_init_GPIO
                0x08005b10       0x88 ..\obj\th_can1.o
                0x08005b10                P1_init_GPIO
 .text.P1_init_CAN
                0x08005b98      0x120 ..\obj\th_can1.o
                0x08005b98                P1_init_CAN
 .text.P1_receive
                0x08005cb8       0xdc ..\obj\th_can1.o
                0x08005cb8                P1_receive
 .text.CAN1_RX0_IRQHandler
                0x08005d94       0x20 ..\obj\th_can1.o
                0x08005d94                CAN1_RX0_IRQHandler
 .text.ff_memalloc
                0x08005db4       0x18 ..\obj\syscall.o
                0x08005db4                ff_memalloc
 .text.ff_memfree
                0x08005dcc       0x18 ..\obj\syscall.o
                0x08005dcc                ff_memfree
 .text.TH_RTC_Init
                0x08005de4       0xb4 ..\obj\th_rtc.o
                0x08005de4                TH_RTC_Init
 .text.TH_RTC_SetClock
                0x08005e98      0x140 ..\obj\th_rtc.o
                0x08005e98                TH_RTC_SetClock
 .text.TH_RTC_GetClock
                0x08005fd8       0x88 ..\obj\th_rtc.o
                0x08005fd8                TH_RTC_GetClock
 .text.P_RTC_Config
                0x08006060       0x38 ..\obj\th_rtc.o
                0x08006060                P_RTC_Config
 .text.TH_CAN2_Init
                0x08006098       0x28 ..\obj\th_can2.o
                0x08006098                TH_CAN2_Init
 .text.TH_CAN2_send_std_data
                0x080060c0       0xc4 ..\obj\th_can2.o
                0x080060c0                TH_CAN2_send_std_data
 .text.TH_CAN2_receive
                0x08006184       0x6c ..\obj\th_can2.o
                0x08006184                TH_CAN2_receive
 .text.P2_init_NVIC
                0x080061f0       0x28 ..\obj\th_can2.o
                0x080061f0                P2_init_NVIC
 .text.P2_init_GPIO
                0x08006218       0x88 ..\obj\th_can2.o
                0x08006218                P2_init_GPIO
 .text.P2_init_CAN
                0x080062a0      0x120 ..\obj\th_can2.o
                0x080062a0                P2_init_CAN
 .text.P2_receive
                0x080063c0       0xdc ..\obj\th_can2.o
                0x080063c0                P2_receive
 .text.CAN2_RX0_IRQHandler
                0x0800649c       0xfc ..\obj\th_can2.o
                0x0800649c                CAN2_RX0_IRQHandler
 .text.TH_LED_Init
                0x08006598       0xa8 ..\obj\th_led.o
                0x08006598                TH_LED_Init
 .text.TH_LED_Off
                0x08006640       0x40 ..\obj\th_led.o
                0x08006640                TH_LED_Off
 .text.TH_LED_On
                0x08006680       0x40 ..\obj\th_led.o
                0x08006680                TH_LED_On
 .text.TH_LED_Toggle
                0x080066c0       0x54 ..\obj\th_led.o
                0x080066c0                TH_LED_Toggle
 .text.GPIO_Init
                0x08006714      0x11c ..\obj\stm32f4xx_gpio.o
                0x08006714                GPIO_Init
 .text.GPIO_PinAFConfig
                0x08006830       0x90 ..\obj\stm32f4xx_gpio.o
                0x08006830                GPIO_PinAFConfig
 .text.VCP_Init
                0x080068c0       0x10 ..\obj\usbd_cdc_vcp.o
 .text.VCP_DeInit
                0x080068d0       0x10 ..\obj\usbd_cdc_vcp.o
 .text.VCP_Ctrl
                0x080068e0      0x15c ..\obj\usbd_cdc_vcp.o
 .text.VCP_DataTx
                0x08006a3c       0x5c ..\obj\usbd_cdc_vcp.o
                0x08006a3c                VCP_DataTx
 .text.VCP_DataRx
                0x08006a98       0x38 ..\obj\usbd_cdc_vcp.o
                0x08006a98                VCP_DataRx
 .text.SystemInit
                0x08006ad0       0x5c ..\obj\system_stm32f4xx.o
                0x08006ad0                SystemInit
 .text.SetSysClock
                0x08006b2c       0xf4 ..\obj\system_stm32f4xx.o
 .text._sbrk    0x08006c20       0x3c ..\obj\syscalls.o
                0x08006c20                _sbrk
 .text.USB_OTG_BSP_Init
                0x08006c5c       0xb0 ..\obj\usb_bsp.o
                0x08006c5c                USB_OTG_BSP_Init
 .text.USB_OTG_BSP_EnableInterrupt
                0x08006d0c       0x34 ..\obj\usb_bsp.o
                0x08006d0c                USB_OTG_BSP_EnableInterrupt
 .text.USB_OTG_BSP_uDelay
                0x08006d40       0x48 ..\obj\usb_bsp.o
                0x08006d40                USB_OTG_BSP_uDelay
 .text.USB_OTG_BSP_mDelay
                0x08006d88       0x20 ..\obj\usb_bsp.o
                0x08006d88                USB_OTG_BSP_mDelay
 .text.OTG_FS_WKUP_IRQHandler
                0x08006da8       0x10 ..\obj\usb_bsp.o
                0x08006da8                OTG_FS_WKUP_IRQHandler
 .text.OTG_FS_IRQHandler
                0x08006db8       0x14 ..\obj\usb_bsp.o
                0x08006db8                OTG_FS_IRQHandler
 .text.USBD_StdDevReq
                0x08006dcc       0xa0 ..\obj\usbd_req.o
                0x08006dcc                USBD_StdDevReq
 .text.USBD_StdItfReq
                0x08006e6c       0x68 ..\obj\usbd_req.o
                0x08006e6c                USBD_StdItfReq
 .text.USBD_StdEPReq
                0x08006ed4      0x1b0 ..\obj\usbd_req.o
                0x08006ed4                USBD_StdEPReq
 .text.USBD_GetDescriptor
                0x08007084      0x1a8 ..\obj\usbd_req.o
 .text.USBD_SetAddress
                0x0800722c       0x7c ..\obj\usbd_req.o
 .text.USBD_SetConfig
                0x080072a8       0xf4 ..\obj\usbd_req.o
 .text.USBD_GetConfig
                0x0800739c       0x60 ..\obj\usbd_req.o
 .text.USBD_GetStatus
                0x080073fc       0x54 ..\obj\usbd_req.o
 .text.USBD_SetFeature
                0x08007450       0xd8 ..\obj\usbd_req.o
 .text.USBD_ClrFeature
                0x08007528       0x50 ..\obj\usbd_req.o
 .text.USBD_ParseSetupRequest
                0x08007578       0x90 ..\obj\usbd_req.o
                0x08007578                USBD_ParseSetupRequest
 .text.USBD_CtlError
                0x08007608       0x28 ..\obj\usbd_req.o
                0x08007608                USBD_CtlError
 .text.USBD_GetString
                0x08007630       0x88 ..\obj\usbd_req.o
                0x08007630                USBD_GetString
 .text.USBD_GetLen
                0x080076b8       0x30 ..\obj\usbd_req.o
 .text.USBD_OTG_ISR_Handler
                0x080076e8      0x15c ..\obj\usb_dcd_int.o
                0x080076e8                USBD_OTG_ISR_Handler
 .text.DCD_HandleResume_ISR
                0x08007844       0x80 ..\obj\usb_dcd_int.o
 .text.DCD_HandleUSBSuspend_ISR
                0x080078c4       0xbc ..\obj\usb_dcd_int.o
 .text.DCD_HandleInEP_ISR
                0x08007980      0x19c ..\obj\usb_dcd_int.o
 .text.DCD_HandleOutEP_ISR
                0x08007b1c      0x150 ..\obj\usb_dcd_int.o
 .text.DCD_HandleSof_ISR
                0x08007c6c       0x34 ..\obj\usb_dcd_int.o
 .text.DCD_HandleRxStatusQueueLevel_ISR
                0x08007ca0      0x104 ..\obj\usb_dcd_int.o
 .text.DCD_WriteEmptyTxFifo
                0x08007da4       0xe4 ..\obj\usb_dcd_int.o
 .text.DCD_HandleUsbReset_ISR
                0x08007e88      0x120 ..\obj\usb_dcd_int.o
 .text.DCD_HandleEnumDone_ISR
                0x08007fa8       0x78 ..\obj\usb_dcd_int.o
 .text.DCD_IsoINIncomplete_ISR
                0x08008020       0x34 ..\obj\usb_dcd_int.o
 .text.DCD_IsoOUTIncomplete_ISR
                0x08008054       0x34 ..\obj\usb_dcd_int.o
 .text.DCD_ReadDevInEP
                0x08008088       0x50 ..\obj\usb_dcd_int.o
 .text.usbd_cdc_Init
                0x080080d8       0x6c ..\obj\usbd_cdc_core.o
 .text.usbd_cdc_DeInit
                0x08008144       0x38 ..\obj\usbd_cdc_core.o
 .text.usbd_cdc_Setup
                0x0800817c      0x128 ..\obj\usbd_cdc_core.o
 .text.usbd_cdc_EP0_RxReady
                0x080082a4       0x40 ..\obj\usbd_cdc_core.o
 .text.usbd_cdc_DataIn
                0x080082e4       0x98 ..\obj\usbd_cdc_core.o
 .text.usbd_cdc_DataOut
                0x0800837c       0x4c ..\obj\usbd_cdc_core.o
 .text.usbd_cdc_SOF
                0x080083c8       0x30 ..\obj\usbd_cdc_core.o
 .text.Handle_USBAsynchXfer
                0x080083f8       0xd4 ..\obj\usbd_cdc_core.o
 .text.USBD_cdc_GetCfgDesc
                0x080084cc       0x24 ..\obj\usbd_cdc_core.o
 .text.mem_cpy  0x080084f0       0x3c ..\obj\ff.o
 .text.mem_set  0x0800852c       0x34 ..\obj\ff.o
 .text.mem_cmp  0x08008560       0x4c ..\obj\ff.o
 .text.chk_chr  0x080085ac       0x34 ..\obj\ff.o
 .text.sync_window
                0x080085e0       0x88 ..\obj\ff.o
 .text.move_window
                0x08008668       0x5c ..\obj\ff.o
 .text.sync_fs  0x080086c4      0x13c ..\obj\ff.o
 .text.clust2sect
                0x08008800       0x3c ..\obj\ff.o
                0x08008800                clust2sect
 .text.get_fat  0x0800883c      0x174 ..\obj\ff.o
                0x0800883c                get_fat
 .text.put_fat  0x080089b0      0x210 ..\obj\ff.o
                0x080089b0                put_fat
 .text.remove_chain
                0x08008bc0       0xa8 ..\obj\ff.o
 .text.create_chain
                0x08008c68      0x128 ..\obj\ff.o
 .text.dir_sdi  0x08008d90      0x100 ..\obj\ff.o
 .text.dir_next
                0x08008e90      0x1a8 ..\obj\ff.o
 .text.dir_alloc
                0x08009038       0x8c ..\obj\ff.o
 .text.ld_clust
                0x080090c4       0x58 ..\obj\ff.o
 .text.st_clust
                0x0800911c       0x44 ..\obj\ff.o
 .text.cmp_lfn  0x08009160       0xdc ..\obj\ff.o
 .text.pick_lfn
                0x0800923c       0xc8 ..\obj\ff.o
 .text.fit_lfn  0x08009304       0xe8 ..\obj\ff.o
 .text.gen_numname
                0x080093ec      0x11c ..\obj\ff.o
 .text.sum_sfn  0x08009508       0x40 ..\obj\ff.o
 .text.dir_find
                0x08009548      0x168 ..\obj\ff.o
 .text.dir_read
                0x080096b0      0x134 ..\obj\ff.o
 .text.dir_register
                0x080097e4      0x200 ..\obj\ff.o
 .text.dir_remove
                0x080099e4       0xa8 ..\obj\ff.o
 .text.get_fileinfo
                0x08009a8c      0x194 ..\obj\ff.o
 .text.get_achar
                0x08009c20       0x48 ..\obj\ff.o
 .text.pattern_matching
                0x08009c68       0xf8 ..\obj\ff.o
 .text.create_name
                0x08009d60      0x3f8 ..\obj\ff.o
 .text.follow_path
                0x0800a158      0x108 ..\obj\ff.o
 .text.get_ldnumber
                0x0800a260      0x10c ..\obj\ff.o
 .text.check_fs
                0x0800a36c       0xd0 ..\obj\ff.o
 .text.find_volume
                0x0800a43c      0x568 ..\obj\ff.o
 .text.validate
                0x0800a9a4       0x5c ..\obj\ff.o
 .text.f_mount  0x0800aa00       0x88 ..\obj\ff.o
                0x0800aa00                f_mount
 .text.f_open   0x0800aa88      0x29c ..\obj\ff.o
                0x0800aa88                f_open
 .text.f_read   0x0800ad24      0x270 ..\obj\ff.o
                0x0800ad24                f_read
 .text.f_write  0x0800af94      0x2d8 ..\obj\ff.o
                0x0800af94                f_write
 .text.f_sync   0x0800b26c      0x148 ..\obj\ff.o
                0x0800b26c                f_sync
 .text.f_close  0x0800b3b4       0x38 ..\obj\ff.o
                0x0800b3b4                f_close
 .text.f_lseek  0x0800b3ec      0x268 ..\obj\ff.o
                0x0800b3ec                f_lseek
 .text.f_opendir
                0x0800b654       0xdc ..\obj\ff.o
                0x0800b654                f_opendir
 .text.f_readdir
                0x0800b730       0xa8 ..\obj\ff.o
                0x0800b730                f_readdir
 .text.f_findnext
                0x0800b7d8       0x74 ..\obj\ff.o
                0x0800b7d8                f_findnext
 .text.f_findfirst
                0x0800b84c       0x3c ..\obj\ff.o
                0x0800b84c                f_findfirst
 .text.f_unlink
                0x0800b888      0x19c ..\obj\ff.o
                0x0800b888                f_unlink
 .text.f_gets   0x0800ba24       0x7c ..\obj\ff.o
                0x0800ba24                f_gets
 .text.putc_bfd
                0x0800baa0       0x7c ..\obj\ff.o
 .text.f_puts   0x0800bb1c       0x74 ..\obj\ff.o
                0x0800bb1c                f_puts
 .text.SPI_Init
                0x0800bb90       0x88 ..\obj\stm32f4xx_spi.o
                0x0800bb90                SPI_Init
 .text.SPI_StructInit
                0x0800bc18       0x48 ..\obj\stm32f4xx_spi.o
                0x0800bc18                SPI_StructInit
 .text.RNG_Cmd  0x0800bc60       0x38 ..\obj\stm32f4xx_rng.o
                0x0800bc60                RNG_Cmd
 .text.EXTI_ClearITPendingBit
                0x0800bc98       0x1c ..\obj\stm32f4xx_exti.o
                0x0800bc98                EXTI_ClearITPendingBit
 .text.NVIC_PriorityGroupConfig
                0x0800bcb4       0x24 ..\obj\misc.o
                0x0800bcb4                NVIC_PriorityGroupConfig
 .text.NVIC_Init
                0x0800bcd8       0xc0 ..\obj\misc.o
                0x0800bcd8                NVIC_Init
 .text.DCD_Init
                0x0800bd98      0x108 ..\obj\usb_dcd.o
                0x0800bd98                DCD_Init
 .text.DCD_EP_Open
                0x0800bea0       0xb0 ..\obj\usb_dcd.o
                0x0800bea0                DCD_EP_Open
 .text.DCD_EP_Close
                0x0800bf50       0x78 ..\obj\usb_dcd.o
                0x0800bf50                DCD_EP_Close
 .text.DCD_EP_PrepareRx
                0x0800bfc8       0x84 ..\obj\usb_dcd.o
                0x0800bfc8                DCD_EP_PrepareRx
 .text.DCD_EP_Tx
                0x0800c04c       0x78 ..\obj\usb_dcd.o
                0x0800c04c                DCD_EP_Tx
 .text.DCD_EP_Stall
                0x0800c0c4       0x7c ..\obj\usb_dcd.o
                0x0800c0c4                DCD_EP_Stall
 .text.DCD_EP_ClrStall
                0x0800c140       0x7c ..\obj\usb_dcd.o
                0x0800c140                DCD_EP_ClrStall
 .text.DCD_EP_SetAddress
                0x0800c1bc       0x3c ..\obj\usb_dcd.o
                0x0800c1bc                DCD_EP_SetAddress
 .text.getSBoxValue
                0x0800c1f8       0x20 ..\obj\th_aes.o
 .text.KeyExpansion
                0x0800c218      0x1a4 ..\obj\th_aes.o
 .text.AddRoundKey
                0x0800c3bc       0x78 ..\obj\th_aes.o
 .text.SubBytes
                0x0800c434       0x60 ..\obj\th_aes.o
 .text.ShiftRows
                0x0800c494       0xb4 ..\obj\th_aes.o
 .text.xtime    0x0800c548       0x3c ..\obj\th_aes.o
 .text.MixColumns
                0x0800c584      0x194 ..\obj\th_aes.o
 .text.Cipher   0x0800c718       0x4c ..\obj\th_aes.o
 .text.BlockCopy
                0x0800c764       0x38 ..\obj\th_aes.o
 .text.XorWithIv
                0x0800c79c       0x48 ..\obj\th_aes.o
 .text.AES128_CBC_encrypt_buffer
                0x0800c7e4       0xc0 ..\obj\th_aes.o
                0x0800c7e4                AES128_CBC_encrypt_buffer
 .text.RTC_Init
                0x0800c8a4       0x78 ..\obj\stm32f4xx_rtc.o
                0x0800c8a4                RTC_Init
 .text.RTC_EnterInitMode
                0x0800c91c       0x70 ..\obj\stm32f4xx_rtc.o
                0x0800c91c                RTC_EnterInitMode
 .text.RTC_ExitInitMode
                0x0800c98c       0x1c ..\obj\stm32f4xx_rtc.o
                0x0800c98c                RTC_ExitInitMode
 .text.RTC_WaitForSynchro
                0x0800c9a8       0x74 ..\obj\stm32f4xx_rtc.o
                0x0800c9a8                RTC_WaitForSynchro
 .text.RTC_SetTime
                0x0800ca1c      0x104 ..\obj\stm32f4xx_rtc.o
                0x0800ca1c                RTC_SetTime
 .text.RTC_GetTime
                0x0800cb20       0xa4 ..\obj\stm32f4xx_rtc.o
                0x0800cb20                RTC_GetTime
 .text.RTC_SetDate
                0x0800cbc4      0x10c ..\obj\stm32f4xx_rtc.o
                0x0800cbc4                RTC_SetDate
 .text.RTC_GetDate
                0x0800ccd0       0x9c ..\obj\stm32f4xx_rtc.o
                0x0800ccd0                RTC_GetDate
 .text.RTC_WriteBackupRegister
                0x0800cd6c       0x34 ..\obj\stm32f4xx_rtc.o
                0x0800cd6c                RTC_WriteBackupRegister
 .text.RTC_ReadBackupRegister
                0x0800cda0       0x2c ..\obj\stm32f4xx_rtc.o
                0x0800cda0                RTC_ReadBackupRegister
 .text.RTC_ByteToBcd2
                0x0800cdcc       0x38 ..\obj\stm32f4xx_rtc.o
 .text.RTC_Bcd2ToByte
                0x0800ce04       0x38 ..\obj\stm32f4xx_rtc.o
 .text.USBD_CtlSendData
                0x0800ce3c       0x40 ..\obj\usbd_ioreq.o
                0x0800ce3c                USBD_CtlSendData
 .text.USBD_CtlContinueSendData
                0x0800ce7c       0x28 ..\obj\usbd_ioreq.o
                0x0800ce7c                USBD_CtlContinueSendData
 .text.USBD_CtlPrepareRx
                0x0800cea4       0x40 ..\obj\usbd_ioreq.o
                0x0800cea4                USBD_CtlPrepareRx
 .text.USBD_CtlContinueRx
                0x0800cee4       0x28 ..\obj\usbd_ioreq.o
                0x0800cee4                USBD_CtlContinueRx
 .text.USBD_CtlSendStatus
                0x0800cf0c       0x30 ..\obj\usbd_ioreq.o
                0x0800cf0c                USBD_CtlSendStatus
 .text.USBD_CtlReceiveStatus
                0x0800cf3c       0x30 ..\obj\usbd_ioreq.o
                0x0800cf3c                USBD_CtlReceiveStatus
 .text.TH_CRC_Init
                0x0800cf6c       0x1c ..\obj\th_crc.o
                0x0800cf6c                TH_CRC_Init
 .text.TH_CRC_Calculate8
                0x0800cf88       0x44 ..\obj\th_crc.o
                0x0800cf88                TH_CRC_Calculate8
 .text          0x0800cfcc      0x370 c:/program files (x86)/gnu tools arm embedded/5.4 2016q2/bin/../lib/gcc/arm-none-eabi/5.4.1/armv7e-m\libgcc.a(_arm_addsubdf3.o)
                0x0800cfcc                __aeabi_drsub
                0x0800cfd4                __aeabi_dsub
                0x0800cfd4                __subdf3
                0x0800cfd8                __aeabi_dadd
                0x0800cfd8                __adddf3
                0x0800d250                __floatunsidf
                0x0800d250                __aeabi_ui2d
                0x0800d270                __floatsidf
                0x0800d270                __aeabi_i2d
                0x0800d294                __aeabi_f2d
                0x0800d294                __extendsfdf2
                0x0800d2d0                __floatundidf
                0x0800d2d0                __aeabi_ul2d
                0x0800d2e0                __floatdidf
                0x0800d2e0                __aeabi_l2d
 .text          0x0800d33c      0x424 c:/program files (x86)/gnu tools arm embedded/5.4 2016q2/bin/../lib/gcc/arm-none-eabi/5.4.1/armv7e-m\libgcc.a(_arm_muldivdf3.o)
                0x0800d33c                __aeabi_dmul
                0x0800d33c                __muldf3
                0x0800d590                __divdf3
                0x0800d590                __aeabi_ddiv
 .text          0x0800d760       0x40 c:/program files (x86)/gnu tools arm embedded/5.4 2016q2/bin/../lib/gcc/arm-none-eabi/5.4.1/armv7e-m\libgcc.a(_arm_fixunsdfsi.o)
                0x0800d760                __aeabi_d2uiz
                0x0800d760                __fixunsdfsi
 .text.atoi     0x0800d7a0        0x8 c:/program files (x86)/gnu tools arm embedded/5.4 2016q2/bin/../lib/gcc/arm-none-eabi/5.4.1/../../../../arm-none-eabi/lib/armv7e-m\libg.a(lib_a-atoi.o)
                0x0800d7a0                atoi
 .text.__itoa   0x0800d7a8       0x30 c:/program files (x86)/gnu tools arm embedded/5.4 2016q2/bin/../lib/gcc/arm-none-eabi/5.4.1/../../../../arm-none-eabi/lib/armv7e-m\libg.a(lib_a-itoa.o)
                0x0800d7a8                __itoa
 .text.itoa     0x0800d7d8        0x4 c:/program files (x86)/gnu tools arm embedded/5.4 2016q2/bin/../lib/gcc/arm-none-eabi/5.4.1/../../../../arm-none-eabi/lib/armv7e-m\libg.a(lib_a-itoa.o)
                0x0800d7d8                itoa
 .text.malloc   0x0800d7dc       0x10 c:/program files (x86)/gnu tools arm embedded/5.4 2016q2/bin/../lib/gcc/arm-none-eabi/5.4.1/../../../../arm-none-eabi/lib/armv7e-m\libg.a(lib_a-malloc.o)
                0x0800d7dc                malloc
 .text.free     0x0800d7ec       0x10 c:/program files (x86)/gnu tools arm embedded/5.4 2016q2/bin/../lib/gcc/arm-none-eabi/5.4.1/../../../../arm-none-eabi/lib/armv7e-m\libg.a(lib_a-malloc.o)
                0x0800d7ec                free
 .text._malloc_r
                0x0800d7fc      0x570 c:/program files (x86)/gnu tools arm embedded/5.4 2016q2/bin/../lib/gcc/arm-none-eabi/5.4.1/../../../../arm-none-eabi/lib/armv7e-m\libg.a(lib_a-mallocr.o)
                0x0800d7fc                _malloc_r
 .text.memset   0x0800dd6c       0x9c c:/program files (x86)/gnu tools arm embedded/5.4 2016q2/bin/../lib/gcc/arm-none-eabi/5.4.1/../../../../arm-none-eabi/lib/armv7e-m\libg.a(lib_a-memset.o)
                0x0800dd6c                memset
 .text.__malloc_lock
                0x0800de08        0x4 c:/program files (x86)/gnu tools arm embedded/5.4 2016q2/bin/../lib/gcc/arm-none-eabi/5.4.1/../../../../arm-none-eabi/lib/armv7e-m\libg.a(lib_a-mlock.o)
                0x0800de08                __malloc_lock
 .text.__malloc_unlock
                0x0800de0c        0x4 c:/program files (x86)/gnu tools arm embedded/5.4 2016q2/bin/../lib/gcc/arm-none-eabi/5.4.1/../../../../arm-none-eabi/lib/armv7e-m\libg.a(lib_a-mlock.o)
                0x0800de0c                __malloc_unlock
 .text._sbrk_r  0x0800de10       0x24 c:/program files (x86)/gnu tools arm embedded/5.4 2016q2/bin/../lib/gcc/arm-none-eabi/5.4.1/../../../../arm-none-eabi/lib/armv7e-m\libg.a(lib_a-sbrkr.o)
                0x0800de10                _sbrk_r
 .text.snprintf
                0x0800de34       0x9c c:/program files (x86)/gnu tools arm embedded/5.4 2016q2/bin/../lib/gcc/arm-none-eabi/5.4.1/../../../../arm-none-eabi/lib/armv7e-m\libg.a(lib_a-snprintf.o)
                0x0800de34                snprintf
 .text.sprintf  0x0800ded0       0x4c c:/program files (x86)/gnu tools arm embedded/5.4 2016q2/bin/../lib/gcc/arm-none-eabi/5.4.1/../../../../arm-none-eabi/lib/armv7e-m\libg.a(lib_a-sprintf.o)
                0x0800ded0                sprintf
 .text.strcat   0x0800df1c       0x40 c:/program files (x86)/gnu tools arm embedded/5.4 2016q2/bin/../lib/gcc/arm-none-eabi/5.4.1/../../../../arm-none-eabi/lib/armv7e-m\libg.a(lib_a-strcat.o)
                0x0800df1c                strcat
 *fill*         0x0800df5c        0x4 
 .text          0x0800df60      0x2dc c:/program files (x86)/gnu tools arm embedded/5.4 2016q2/bin/../lib/gcc/arm-none-eabi/5.4.1/../../../../arm-none-eabi/lib/armv7e-m\libg.a(lib_a-strcmp.o)
                0x0800df68                strcmp
 .text.strcpy   0x0800e23c       0xbc c:/program files (x86)/gnu tools arm embedded/5.4 2016q2/bin/../lib/gcc/arm-none-eabi/5.4.1/../../../../arm-none-eabi/lib/armv7e-m\libg.a(lib_a-strcpy.o)
                0x0800e23c                strcpy
 *fill*         0x0800e2f8        0x8 
 .text          0x0800e300       0xdc c:/program files (x86)/gnu tools arm embedded/5.4 2016q2/bin/../lib/gcc/arm-none-eabi/5.4.1/../../../../arm-none-eabi/lib/armv7e-m\libg.a(lib_a-strlen.o)
                0x0800e300                strlen
 .text._strtol_r
                0x0800e3dc      0x128 c:/program files (x86)/gnu tools arm embedded/5.4 2016q2/bin/../lib/gcc/arm-none-eabi/5.4.1/../../../../arm-none-eabi/lib/armv7e-m\libg.a(lib_a-strtol.o)
                0x0800e3dc                _strtol_r
 .text.strtol   0x0800e504       0x18 c:/program files (x86)/gnu tools arm embedded/5.4 2016q2/bin/../lib/gcc/arm-none-eabi/5.4.1/../../../../arm-none-eabi/lib/armv7e-m\libg.a(lib_a-strtol.o)
                0x0800e504                strtol
 .text._svfprintf_r
                0x0800e51c     0x169c c:/program files (x86)/gnu tools arm embedded/5.4 2016q2/bin/../lib/gcc/arm-none-eabi/5.4.1/../../../../arm-none-eabi/lib/armv7e-m\libg.a(lib_a-svfprintf.o)
                0x0800e51c                _svfprintf_r
 .text.__utoa   0x0800fbb8       0x80 c:/program files (x86)/gnu tools arm embedded/5.4 2016q2/bin/../lib/gcc/arm-none-eabi/5.4.1/../../../../arm-none-eabi/lib/armv7e-m\libg.a(lib_a-utoa.o)
                0x0800fbb8                __utoa
 .text.quorem   0x0800fc38      0x128 c:/program files (x86)/gnu tools arm embedded/5.4 2016q2/bin/../lib/gcc/arm-none-eabi/5.4.1/../../../../arm-none-eabi/lib/armv7e-m\libg.a(lib_a-dtoa.o)
 .text._dtoa_r  0x0800fd60      0xe58 c:/program files (x86)/gnu tools arm embedded/5.4 2016q2/bin/../lib/gcc/arm-none-eabi/5.4.1/../../../../arm-none-eabi/lib/armv7e-m\libg.a(lib_a-dtoa.o)
                0x0800fd60                _dtoa_r
 .text._malloc_trim_r
                0x08010bb8       0x9c c:/program files (x86)/gnu tools arm embedded/5.4 2016q2/bin/../lib/gcc/arm-none-eabi/5.4.1/../../../../arm-none-eabi/lib/armv7e-m\libg.a(lib_a-freer.o)
                0x08010bb8                _malloc_trim_r
 .text._free_r  0x08010c54      0x1d0 c:/program files (x86)/gnu tools arm embedded/5.4 2016q2/bin/../lib/gcc/arm-none-eabi/5.4.1/../../../../arm-none-eabi/lib/armv7e-m\libg.a(lib_a-freer.o)
                0x08010c54                _free_r
 .text._localeconv_r
                0x08010e24        0x8 c:/program files (x86)/gnu tools arm embedded/5.4 2016q2/bin/../lib/gcc/arm-none-eabi/5.4.1/../../../../arm-none-eabi/lib/armv7e-m\libg.a(lib_a-locale.o)
                0x08010e24                _localeconv_r
 *fill*         0x08010e2c        0x4 
 .text          0x08010e30       0xa0 c:/program files (x86)/gnu tools arm embedded/5.4 2016q2/bin/../lib/gcc/arm-none-eabi/5.4.1/../../../../arm-none-eabi/lib/armv7e-m\libg.a(lib_a-memchr.o)
                0x08010e30                memchr
 .text          0x08010ed0      0x134 c:/program files (x86)/gnu tools arm embedded/5.4 2016q2/bin/../lib/gcc/arm-none-eabi/5.4.1/../../../../arm-none-eabi/lib/armv7e-m\libg.a(lib_a-memcpy.o)
                0x08010ed0                memcpy
 .text._Balloc  0x08011004       0x4c c:/program files (x86)/gnu tools arm embedded/5.4 2016q2/bin/../lib/gcc/arm-none-eabi/5.4.1/../../../../arm-none-eabi/lib/armv7e-m\libg.a(lib_a-mprec.o)
                0x08011004                _Balloc
 .text._Bfree   0x08011050       0x14 c:/program files (x86)/gnu tools arm embedded/5.4 2016q2/bin/../lib/gcc/arm-none-eabi/5.4.1/../../../../arm-none-eabi/lib/armv7e-m\libg.a(lib_a-mprec.o)
                0x08011050                _Bfree
 .text.__multadd
                0x08011064       0x80 c:/program files (x86)/gnu tools arm embedded/5.4 2016q2/bin/../lib/gcc/arm-none-eabi/5.4.1/../../../../arm-none-eabi/lib/armv7e-m\libg.a(lib_a-mprec.o)
                0x08011064                __multadd
 .text.__hi0bits
                0x080110e4       0x40 c:/program files (x86)/gnu tools arm embedded/5.4 2016q2/bin/../lib/gcc/arm-none-eabi/5.4.1/../../../../arm-none-eabi/lib/armv7e-m\libg.a(lib_a-mprec.o)
                0x080110e4                __hi0bits
 .text.__lo0bits
                0x08011124       0x5c c:/program files (x86)/gnu tools arm embedded/5.4 2016q2/bin/../lib/gcc/arm-none-eabi/5.4.1/../../../../arm-none-eabi/lib/armv7e-m\libg.a(lib_a-mprec.o)
                0x08011124                __lo0bits
 .text.__i2b    0x08011180       0x14 c:/program files (x86)/gnu tools arm embedded/5.4 2016q2/bin/../lib/gcc/arm-none-eabi/5.4.1/../../../../arm-none-eabi/lib/armv7e-m\libg.a(lib_a-mprec.o)
                0x08011180                __i2b
 .text.__multiply
                0x08011194      0x130 c:/program files (x86)/gnu tools arm embedded/5.4 2016q2/bin/../lib/gcc/arm-none-eabi/5.4.1/../../../../arm-none-eabi/lib/armv7e-m\libg.a(lib_a-mprec.o)
                0x08011194                __multiply
 .text.__pow5mult
                0x080112c4       0xa0 c:/program files (x86)/gnu tools arm embedded/5.4 2016q2/bin/../lib/gcc/arm-none-eabi/5.4.1/../../../../arm-none-eabi/lib/armv7e-m\libg.a(lib_a-mprec.o)
                0x080112c4                __pow5mult
 .text.__lshift
                0x08011364       0xb0 c:/program files (x86)/gnu tools arm embedded/5.4 2016q2/bin/../lib/gcc/arm-none-eabi/5.4.1/../../../../arm-none-eabi/lib/armv7e-m\libg.a(lib_a-mprec.o)
                0x08011364                __lshift
 .text.__mcmp   0x08011414       0x40 c:/program files (x86)/gnu tools arm embedded/5.4 2016q2/bin/../lib/gcc/arm-none-eabi/5.4.1/../../../../arm-none-eabi/lib/armv7e-m\libg.a(lib_a-mprec.o)
                0x08011414                __mcmp
 .text.__mdiff  0x08011454      0x114 c:/program files (x86)/gnu tools arm embedded/5.4 2016q2/bin/../lib/gcc/arm-none-eabi/5.4.1/../../../../arm-none-eabi/lib/armv7e-m\libg.a(lib_a-mprec.o)
                0x08011454                __mdiff
 .text.__d2b    0x08011568       0xb8 c:/program files (x86)/gnu tools arm embedded/5.4 2016q2/bin/../lib/gcc/arm-none-eabi/5.4.1/../../../../arm-none-eabi/lib/armv7e-m\libg.a(lib_a-mprec.o)
                0x08011568                __d2b
 .text.__ssprint_r
                0x08011620      0x100 c:/program files (x86)/gnu tools arm embedded/5.4 2016q2/bin/../lib/gcc/arm-none-eabi/5.4.1/../../../../arm-none-eabi/lib/armv7e-m\libg.a(lib_a-svfiprintf.o)
                0x08011620                __ssprint_r
 .text._calloc_r
                0x08011720       0x60 c:/program files (x86)/gnu tools arm embedded/5.4 2016q2/bin/../lib/gcc/arm-none-eabi/5.4.1/../../../../arm-none-eabi/lib/armv7e-m\libg.a(lib_a-callocr.o)
                0x08011720                _calloc_r
 .text.memmove  0x08011780       0xc8 c:/program files (x86)/gnu tools arm embedded/5.4 2016q2/bin/../lib/gcc/arm-none-eabi/5.4.1/../../../../arm-none-eabi/lib/armv7e-m\libg.a(lib_a-memmove.o)
                0x08011780                memmove
 .text._realloc_r
                0x08011848      0x3e0 c:/program files (x86)/gnu tools arm embedded/5.4 2016q2/bin/../lib/gcc/arm-none-eabi/5.4.1/../../../../arm-none-eabi/lib/armv7e-m\libg.a(lib_a-reallocr.o)
                0x08011848                _realloc_r
 .text          0x08011c28      0x110 c:/program files (x86)/gnu tools arm embedded/5.4 2016q2/bin/../lib/gcc/arm-none-eabi/5.4.1/armv7e-m\libgcc.a(_arm_cmpdf2.o)
                0x08011c28                __gtdf2
                0x08011c28                __gedf2
                0x08011c30                __ltdf2
                0x08011c30                __ledf2
                0x08011c38                __nedf2
                0x08011c38                __eqdf2
                0x08011c38                __cmpdf2
                0x08011cb4                __aeabi_cdrcmple
                0x08011cc4                __aeabi_cdcmpeq
                0x08011cc4                __aeabi_cdcmple
                0x08011cd4                __aeabi_dcmpeq
                0x08011ce8                __aeabi_dcmplt
                0x08011cfc                __aeabi_dcmple
                0x08011d10                __aeabi_dcmpge
                0x08011d24                __aeabi_dcmpgt
 .text          0x08011d38       0x2c c:/program files (x86)/gnu tools arm embedded/5.4 2016q2/bin/../lib/gcc/arm-none-eabi/5.4.1/armv7e-m\libgcc.a(_arm_unorddf2.o)
                0x08011d38                __unorddf2
                0x08011d38                __aeabi_dcmpun
 .text          0x08011d64       0x50 c:/program files (x86)/gnu tools arm embedded/5.4 2016q2/bin/../lib/gcc/arm-none-eabi/5.4.1/armv7e-m\libgcc.a(_arm_fixdfsi.o)
                0x08011d64                __aeabi_d2iz
                0x08011d64                __fixdfsi
 .text          0x08011db4       0x30 c:/program files (x86)/gnu tools arm embedded/5.4 2016q2/bin/../lib/gcc/arm-none-eabi/5.4.1/armv7e-m\libgcc.a(_aeabi_uldivmod.o)
                0x08011db4                __aeabi_uldivmod
 .text          0x08011de4      0x2e4 c:/program files (x86)/gnu tools arm embedded/5.4 2016q2/bin/../lib/gcc/arm-none-eabi/5.4.1/armv7e-m\libgcc.a(_udivmoddi4.o)
                0x08011de4                __udivmoddi4
 .text          0x080120c8        0x4 c:/program files (x86)/gnu tools arm embedded/5.4 2016q2/bin/../lib/gcc/arm-none-eabi/5.4.1/armv7e-m\libgcc.a(_dvmd_tls.o)
                0x080120c8                __aeabi_idiv0
                0x080120c8                __aeabi_ldiv0
 *(.init)
 *(.fini)
 *crtbegin.o(.ctors)
 *crtbegin?.o(.ctors)
 *(EXCLUDE_FILE(*crtend.o *crtend?.o) .ctors)
 *(SORT(.ctors.*))
 *(.ctors)
 *crtbegin.o(.dtors)
 *crtbegin?.o(.dtors)
 *(EXCLUDE_FILE(*crtend.o *crtend?.o) .dtors)
 *(SORT(.dtors.*))
 *(.dtors)
 *(.rodata*)
 .rodata        0x080120cc      0x4c0 ..\obj\unicode.o
 .rodata        0x0801258c      0x110 ..\obj\main.o
 .rodata        0x0801269c      0x131 ..\obj\functions.o
 *fill*         0x080127cd        0x3 
 .rodata        0x080127d0       0x62 ..\obj\usbd_desc.o
 *fill*         0x08012832        0x2 
 .rodata        0x08012834      0x17e ..\obj\ff.o
 *fill*         0x080129b2        0x2 
 .rodata        0x080129b4      0x1ff ..\obj\th_aes.o
 *fill*         0x08012bb3        0x1 
 .rodata.blanks.7055
                0x08012bb4       0x10 c:/program files (x86)/gnu tools arm embedded/5.4 2016q2/bin/../lib/gcc/arm-none-eabi/5.4.1/../../../../arm-none-eabi/lib/armv7e-m\libg.a(lib_a-svfprintf.o)
 .rodata.str1.4
                0x08012bc4       0x42 c:/program files (x86)/gnu tools arm embedded/5.4 2016q2/bin/../lib/gcc/arm-none-eabi/5.4.1/../../../../arm-none-eabi/lib/armv7e-m\libg.a(lib_a-svfprintf.o)
 *fill*         0x08012c06        0x2 
 .rodata.zeroes.7056
                0x08012c08       0x10 c:/program files (x86)/gnu tools arm embedded/5.4 2016q2/bin/../lib/gcc/arm-none-eabi/5.4.1/../../../../arm-none-eabi/lib/armv7e-m\libg.a(lib_a-svfprintf.o)
 .rodata.str1.4
                0x08012c18       0x25 c:/program files (x86)/gnu tools arm embedded/5.4 2016q2/bin/../lib/gcc/arm-none-eabi/5.4.1/../../../../arm-none-eabi/lib/armv7e-m\libg.a(lib_a-utoa.o)
 *fill*         0x08012c3d        0x3 
 .rodata._ctype_
                0x08012c40      0x101 c:/program files (x86)/gnu tools arm embedded/5.4 2016q2/bin/../lib/gcc/arm-none-eabi/5.4.1/../../../../arm-none-eabi/lib/armv7e-m\libg.a(lib_a-ctype_.o)
                0x08012c40                _ctype_
 *fill*         0x08012d41        0x3 
 .rodata.str1.4
                0x08012d44       0x10 c:/program files (x86)/gnu tools arm embedded/5.4 2016q2/bin/../lib/gcc/arm-none-eabi/5.4.1/../../../../arm-none-eabi/lib/armv7e-m\libg.a(lib_a-dtoa.o)
                                 0x12 (size before relaxing)
 .rodata.str1.4
                0x08012d54        0x2 c:/program files (x86)/gnu tools arm embedded/5.4 2016q2/bin/../lib/gcc/arm-none-eabi/5.4.1/../../../../arm-none-eabi/lib/armv7e-m\libg.a(lib_a-impure.o)
 *fill*         0x08012d56        0x2 
 .rodata.str1.4
                0x08012d58        0xc c:/program files (x86)/gnu tools arm embedded/5.4 2016q2/bin/../lib/gcc/arm-none-eabi/5.4.1/../../../../arm-none-eabi/lib/armv7e-m\libg.a(lib_a-locale.o)
                                 0x12 (size before relaxing)
 *fill*         0x08012d64        0x4 
 .rodata.__mprec_tens
                0x08012d68       0xc8 c:/program files (x86)/gnu tools arm embedded/5.4 2016q2/bin/../lib/gcc/arm-none-eabi/5.4.1/../../../../arm-none-eabi/lib/armv7e-m\libg.a(lib_a-mprec.o)
                0x08012d68                __mprec_tens
 .rodata.__mprec_bigtens
                0x08012e30       0x28 c:/program files (x86)/gnu tools arm embedded/5.4 2016q2/bin/../lib/gcc/arm-none-eabi/5.4.1/../../../../arm-none-eabi/lib/armv7e-m\libg.a(lib_a-mprec.o)
                0x08012e30                __mprec_bigtens
 .rodata.p05.5396
                0x08012e58        0xc c:/program files (x86)/gnu tools arm embedded/5.4 2016q2/bin/../lib/gcc/arm-none-eabi/5.4.1/../../../../arm-none-eabi/lib/armv7e-m\libg.a(lib_a-mprec.o)
 *(.eh_fram e*)

.glue_7         0x08012e64        0x0
 .glue_7        0x08012e64        0x0 linker stubs

.glue_7t        0x08012e64        0x0
 .glue_7t       0x08012e64        0x0 linker stubs

.vfp11_veneer   0x08012e64        0x0
 .vfp11_veneer  0x08012e64        0x0 linker stubs

.v4_bx          0x08012e64        0x0
 .v4_bx         0x08012e64        0x0 linker stubs

.iplt           0x08012e64        0x0
 .iplt          0x08012e64        0x0 ..\obj\unicode.o

.ARM.extab
 *(.ARM.extab* .gnu.linkonce.armextab.*)
                0x08012e64                __exidx_start = .

.ARM.exidx      0x08012e64        0x8
 *(.ARM.exidx* .gnu.linkonce.armexidx.*)
 .ARM.exidx     0x08012e64        0x8 c:/program files (x86)/gnu tools arm embedded/5.4 2016q2/bin/../lib/gcc/arm-none-eabi/5.4.1/armv7e-m\libgcc.a(_udivmoddi4.o)
                0x08012e6c                __exidx_end = .
                0x08012e6c                __etext = .
                0x08012e6c                _sidata = __etext

.rel.dyn        0x08012e6c        0x0
 .rel.iplt      0x08012e6c        0x0 ..\obj\unicode.o

.data           0x20000000      0xb04 load address 0x08012e6c
                0x20000000                __data_start__ = .
                0x20000000                _sdata = __data_start__
 *(vtable)
 *(.data*)
 .data          0x20000000       0x20 ..\obj\usbd_usr.o
                0x20000000                TH_USB_VCP_INT_Status
                0x20000004                USR_cb
 .data          0x20000020       0xb4 ..\obj\diskio.o
                0x20000020                FATFS_LowLevelDrivers
 .data          0x200000d4       0x38 ..\obj\th_uart.o
                0x200000d4                UART
 .data          0x2000010c       0x30 ..\obj\usbd_core.o
                0x2000010c                USBD_DCD_INT_cb
                0x20000138                USBD_DCD_INT_fops
 .data          0x2000013c       0x10 ..\obj\stm32f4xx_rcc.o
 .data          0x2000014c        0x1 ..\obj\fatfs_sd.o
 *fill*         0x2000014d        0x3 
 .data          0x20000150       0x40 ..\obj\usbd_desc.o
                0x20000150                USR_desc
                0x2000016c                USBD_DeviceDesc
                0x20000180                USBD_DeviceQualifierDesc
                0x2000018c                USBD_LangIDDesc
 .data          0x20000190       0x20 ..\obj\th_can1.o
                0x20000190                CAN1DEV
 .data          0x200001b0       0x20 ..\obj\th_can2.o
                0x200001b0                CAN2DEV
 .data          0x200001d0       0x28 ..\obj\th_led.o
                0x200001d0                LED
 .data          0x200001f8       0x1c ..\obj\usbd_cdc_vcp.o
                0x200001f8                linecoding
                0x20000200                VCP_fops
 .data          0x20000214       0x74 ..\obj\usbd_cdc_core.o
                0x20000214                usbd_cdc_CfgDesc
                0x2000025c                USBD_CDC_cb
 .data.__malloc_av_
                0x20000288      0x408 c:/program files (x86)/gnu tools arm embedded/5.4 2016q2/bin/../lib/gcc/arm-none-eabi/5.4.1/../../../../arm-none-eabi/lib/armv7e-m\libg.a(lib_a-mallocr.o)
                0x20000288                __malloc_av_
 .data.__malloc_trim_threshold
                0x20000690        0x4 c:/program files (x86)/gnu tools arm embedded/5.4 2016q2/bin/../lib/gcc/arm-none-eabi/5.4.1/../../../../arm-none-eabi/lib/armv7e-m\libg.a(lib_a-mallocr.o)
                0x20000690                __malloc_trim_threshold
 .data.__malloc_sbrk_base
                0x20000694        0x4 c:/program files (x86)/gnu tools arm embedded/5.4 2016q2/bin/../lib/gcc/arm-none-eabi/5.4.1/../../../../arm-none-eabi/lib/armv7e-m\libg.a(lib_a-mallocr.o)
                0x20000694                __malloc_sbrk_base
 .data.__ctype_ptr__
                0x20000698        0x4 c:/program files (x86)/gnu tools arm embedded/5.4 2016q2/bin/../lib/gcc/arm-none-eabi/5.4.1/../../../../arm-none-eabi/lib/armv7e-m\libg.a(lib_a-ctype_.o)
                0x20000698                __ctype_ptr__
 *fill*         0x2000069c        0x4 
 .data.impure_data
                0x200006a0      0x428 c:/program files (x86)/gnu tools arm embedded/5.4 2016q2/bin/../lib/gcc/arm-none-eabi/5.4.1/../../../../arm-none-eabi/lib/armv7e-m\libg.a(lib_a-impure.o)
 .data._impure_ptr
                0x20000ac8        0x4 c:/program files (x86)/gnu tools arm embedded/5.4 2016q2/bin/../lib/gcc/arm-none-eabi/5.4.1/../../../../arm-none-eabi/lib/armv7e-m\libg.a(lib_a-impure.o)
                0x20000ac8                _impure_ptr
 .data.lconv    0x20000acc       0x38 c:/program files (x86)/gnu tools arm embedded/5.4 2016q2/bin/../lib/gcc/arm-none-eabi/5.4.1/../../../../arm-none-eabi/lib/armv7e-m\libg.a(lib_a-locale.o)
                0x20000b04                . = ALIGN (0x4)
                [!provide]                PROVIDE (__preinit_array_start, .)
 *(.preinit_array)
                [!provide]                PROVIDE (__preinit_array_end, .)
                0x20000b04                . = ALIGN (0x4)
                [!provide]                PROVIDE (__init_array_start, .)
 *(SORT(.init_array.*))
 *(.init_array)
                [!provide]                PROVIDE (__init_array_end, .)
                0x20000b04                . = ALIGN (0x4)
                [!provide]                PROVIDE (__fini_array_start, .)
 *(SORT(.fini_array.*))
 *(.fini_array)
                [!provide]                PROVIDE (__fini_array_end, .)
 *(.jcr*)
                0x20000b04                . = ALIGN (0x4)
                0x20000b04                __data_end__ = .
                0x20000b04                _edata = __data_end__

.igot.plt       0x20000b04        0x0 load address 0x08013970
 .igot.plt      0x20000b04        0x0 ..\obj\unicode.o

.bss            0x20000b04     0x19dc load address 0x08013970
                0x20000b04                . = ALIGN (0x4)
                0x20000b04                __bss_start__ = .
                0x20000b04                _sbss = __bss_start__
 *(.bss*)
 .bss           0x20000b04        0xc ..\obj\th_systick.o
                0x20000b08                TH_Time2
 .bss           0x20000b10        0x1 ..\obj\th_usb_vcp.o
                0x20000b10                TH_USB_VCP_INT_Init
 .bss           0x20000b11        0x1 ..\obj\fatfs_sd.o
 *fill*         0x20000b12        0x2 
 .bss           0x20000b14        0x4 ..\obj\functions.o
 .bss           0x20000b18       0x16 ..\obj\th_gpio.o
 .bss           0x20000b2e        0x1 ..\obj\th_can1.o
 *fill*         0x20000b2f        0x1 
 .bss           0x20000b30        0x8 ..\obj\th_can2.o
 .bss           0x20000b38        0x4 ..\obj\syscalls.o
 .bss           0x20000b3c        0xd ..\obj\usbd_req.o
                0x20000b3c                USBD_ep_status
                0x20000b40                USBD_default_cfg
                0x20000b44                USBD_cfg_status
 *fill*         0x20000b49        0x3 
 .bss           0x20000b4c       0x1c ..\obj\usbd_cdc_core.o
                0x20000b50                APP_Rx_ptr_in
                0x20000b54                APP_Rx_ptr_out
                0x20000b58                APP_Rx_length
                0x20000b5c                USB_Tx_State
 .bss           0x20000b68       0x27 ..\obj\ff.o
 *fill*         0x20000b8f        0x1 
 .bss           0x20000b90       0xbc ..\obj\th_aes.o
 .bss.__malloc_max_total_mem
                0x20000c4c        0x4 c:/program files (x86)/gnu tools arm embedded/5.4 2016q2/bin/../lib/gcc/arm-none-eabi/5.4.1/../../../../arm-none-eabi/lib/armv7e-m\libg.a(lib_a-mallocr.o)
                0x20000c4c                __malloc_max_total_mem
 .bss.__malloc_max_sbrked_mem
                0x20000c50        0x4 c:/program files (x86)/gnu tools arm embedded/5.4 2016q2/bin/../lib/gcc/arm-none-eabi/5.4.1/../../../../arm-none-eabi/lib/armv7e-m\libg.a(lib_a-mallocr.o)
                0x20000c50                __malloc_max_sbrked_mem
 .bss.__malloc_top_pad
                0x20000c54        0x4 c:/program files (x86)/gnu tools arm embedded/5.4 2016q2/bin/../lib/gcc/arm-none-eabi/5.4.1/../../../../arm-none-eabi/lib/armv7e-m\libg.a(lib_a-mallocr.o)
                0x20000c54                __malloc_top_pad
 .bss.__malloc_current_mallinfo
                0x20000c58       0x28 c:/program files (x86)/gnu tools arm embedded/5.4 2016q2/bin/../lib/gcc/arm-none-eabi/5.4.1/../../../../arm-none-eabi/lib/armv7e-m\libg.a(lib_a-mallocr.o)
                0x20000c58                __malloc_current_mallinfo
 *(COMMON)
 COMMON         0x20000c80      0x588 ..\obj\th_systick.o
                0x20000c80                TH_RTC
                0x20000c88                timer
                0x20000c8c                fno
                0x20000cac                dj
                0x20000cd4                FatFs
                0x20000f08                hcreceive
                0x20000f0c                temperature
                0x20000f10                interrupttimer
                0x20000f14                state
                0x20000f15                interface
                0x20000f18                voltage
                0x20000f1c                blink
                0x20000f20                buffer
                0x20000f60                current
                0x20000f64                ivterror
                0x20000f68                UART_RX
                0x20000fa0                fil
                0x200011c4                canstate
                0x200011c8                cyphertext
 COMMON         0x20001208      0x680 ..\obj\th_usb_vcp.o
                0x20001208                th_int_usb_vcp_buf_out
                0x2000120c                th_int_usb_vcp_buf_in
                0x20001210                USB_OTG_dev
                0x20001804                TH_INT_USB_VCP_ReceiveBuffer
                0x20001884                th_int_usb_vcp_buf_num
 COMMON         0x20001888        0x4 ..\obj\usbd_core.o
                0x20001888                SET_TEST_MODE
 COMMON         0x2000188c      0x228 ..\obj\main.o
                0x2000188c                syncing
                0x20001890                initfile
 COMMON         0x20001ab4       0x4c ..\obj\th_can1.o
                0x20001ab4                CAN1_RxMessage
                0x20001ac8                CAN1_TxMessage
                0x20001adc                CAN_FilterInitStructure
                0x20001aec                can1_buffer
 COMMON         0x20001b00       0x14 ..\obj\th_rtc.o
                0x20001b00                RTC_DateStructure
                0x20001b04                RTC_InitStructure
                0x20001b10                RTC_TimeStructure
 COMMON         0x20001b14       0x3c ..\obj\th_can2.o
                0x20001b14                CAN2_RxMessage
                0x20001b28                CAN2_TxMessage
                0x20001b3c                can2_buffer
 COMMON         0x20001b50       0xff ..\obj\usbd_req.o
                0x20001b50                USBD_StrDesc
 *fill*         0x20001c4f        0x1 
 COMMON         0x20001c50      0x88c ..\obj\usbd_cdc_core.o
                0x20001c50                usbd_cdc_OtherCfgDesc
                0x20001c94                USB_Rx_Buffer
                0x20001cd4                CmdBuff
                0x20001cdc                APP_Rx_Buffer
 COMMON         0x200024dc        0x4 c:/program files (x86)/gnu tools arm embedded/5.4 2016q2/bin/../lib/gcc/arm-none-eabi/5.4.1/../../../../arm-none-eabi/lib/armv7e-m\libg.a(lib_a-reent.o)
                0x200024dc                errno
                0x200024e0                . = ALIGN (0x4)
                0x200024e0                __bss_end__ = .
                0x200024e0                _ebss = __bss_end__

.heap           0x200024e0        0x0
                0x200024e0                __end__ = .
                0x200024e0                _end = __end__
                0x200024e0                end = __end__
 *(.heap*)
                0x200024e0                __HeapLimit = .

.co_stack       0x200024e0      0x800 load address 0x0801534c
                0x200024e0                . = ALIGN (0x8)
 *(.co_stack .co_stack.*)
 .co_stack      0x200024e0      0x800 ..\obj\startup_stm32f4xx.o
                0x200024e0                pulStack
                0x20020000                __StackTop = (ORIGIN (ram) + LENGTH (ram))
                0x2001f800                __StackLimit = (__StackTop - SIZEOF (.co_stack))
                [!provide]                PROVIDE (__stack, __StackTop)
                0x00000001                ASSERT ((__StackLimit >= __HeapLimit), region ram  overflowed with stack)
LOAD ..\obj\unicode.o
LOAD ..\obj\usb_core.o
LOAD ..\obj\th_adc.o
LOAD ..\obj\usbd_usr.o
LOAD ..\obj\th_systick.o
LOAD ..\obj\stm32f4xx_usart.o
LOAD ..\obj\stm32f4xx_pwr.o
LOAD ..\obj\th_usb_vcp.o
LOAD ..\obj\stm32f4xx_can.o
LOAD ..\obj\diskio.o
LOAD ..\obj\th_uart.o
LOAD ..\obj\startup_stm32f4xx.o
LOAD ..\obj\stm32f4xx_crc.o
LOAD ..\obj\usbd_core.o
LOAD ..\obj\main.o
LOAD ..\obj\stm32f4xx_rcc.o
LOAD ..\obj\stm32f4xx_adc.o
LOAD ..\obj\fatfs_sd.o
LOAD ..\obj\th_spi.o
LOAD ..\obj\th_rng.o
LOAD ..\obj\functions.o
LOAD ..\obj\th_gpio.o
LOAD ..\obj\usbd_desc.o
LOAD ..\obj\th_can1.o
LOAD ..\obj\syscall.o
LOAD ..\obj\th_rtc.o
LOAD ..\obj\th_can2.o
LOAD ..\obj\th_led.o
LOAD ..\obj\stm32f4xx_gpio.o
LOAD ..\obj\usbd_cdc_vcp.o
LOAD ..\obj\system_stm32f4xx.o
LOAD ..\obj\syscalls.o
LOAD ..\obj\usb_bsp.o
LOAD ..\obj\usbd_req.o
LOAD ..\obj\usb_dcd_int.o
LOAD ..\obj\usbd_cdc_core.o
LOAD ..\obj\ff.o
LOAD ..\obj\stm32f4xx_spi.o
LOAD ..\obj\stm32f4xx_rng.o
LOAD ..\obj\stm32f4xx_exti.o
LOAD ..\obj\misc.o
LOAD ..\obj\usb_dcd.o
LOAD ..\obj\th_fatfs.o
LOAD ..\obj\th_aes.o
LOAD ..\obj\stm32f4xx_rtc.o
LOAD ..\obj\usbd_ioreq.o
LOAD ..\obj\stm32f4xx_tim.o
LOAD ..\obj\th_crc.o
START GROUP
LOAD c:/program files (x86)/gnu tools arm embedded/5.4 2016q2/bin/../lib/gcc/arm-none-eabi/5.4.1/armv7e-m\libgcc.a
LOAD c:/program files (x86)/gnu tools arm embedded/5.4 2016q2/bin/../lib/gcc/arm-none-eabi/5.4.1/../../../../arm-none-eabi/lib/armv7e-m\libg.a
LOAD c:/program files (x86)/gnu tools arm embedded/5.4 2016q2/bin/../lib/gcc/arm-none-eabi/5.4.1/../../../../arm-none-eabi/lib/armv7e-m\libc.a
END GROUP
OUTPUT(EnergyMeterFSA.elf elf32-littlearm)

.debug_info     0x00000000    0x1d37f
 .debug_info    0x00000000      0x15e ..\obj\unicode.o
 .debug_info    0x0000015e     0x24b2 ..\obj\usb_core.o
 .debug_info    0x00002610      0x641 ..\obj\th_adc.o
 .debug_info    0x00002c51      0x251 ..\obj\usbd_usr.o
 .debug_info    0x00002ea2      0xe3c ..\obj\th_systick.o
 .debug_info    0x00003cde      0x9ca ..\obj\stm32f4xx_usart.o
 .debug_info    0x000046a8      0x519 ..\obj\stm32f4xx_pwr.o
 .debug_info    0x00004bc1      0xd83 ..\obj\th_usb_vcp.o
 .debug_info    0x00005944      0xba4 ..\obj\stm32f4xx_can.o
 .debug_info    0x000064e8      0x879 ..\obj\diskio.o
 .debug_info    0x00006d61     0x1092 ..\obj\th_uart.o
 .debug_info    0x00007df3       0xf2 ..\obj\startup_stm32f4xx.o
 .debug_info    0x00007ee5     0x100d ..\obj\usbd_core.o
 .debug_info    0x00008ef2      0x8bd ..\obj\main.o
 .debug_info    0x000097af      0xc63 ..\obj\stm32f4xx_rcc.o
 .debug_info    0x0000a412      0xc40 ..\obj\stm32f4xx_adc.o
 .debug_info    0x0000b052      0x7d4 ..\obj\fatfs_sd.o
 .debug_info    0x0000b826      0x6f5 ..\obj\th_spi.o
 .debug_info    0x0000bf1b      0x167 ..\obj\th_rng.o
 .debug_info    0x0000c082      0xded ..\obj\functions.o
 .debug_info    0x0000ce6f      0x5c3 ..\obj\th_gpio.o
 .debug_info    0x0000d432      0x36f ..\obj\usbd_desc.o
 .debug_info    0x0000d7a1      0xd37 ..\obj\th_can1.o
 .debug_info    0x0000e4d8       0xd2 ..\obj\syscall.o
 .debug_info    0x0000e5aa      0x34b ..\obj\th_rtc.o
 .debug_info    0x0000e8f5     0x138a ..\obj\th_can2.o
 .debug_info    0x0000fc7f      0x3f8 ..\obj\th_led.o
 .debug_info    0x00010077      0x61a ..\obj\stm32f4xx_gpio.o
 .debug_info    0x00010691      0x32e ..\obj\usbd_cdc_vcp.o
 .debug_info    0x000109bf      0x5c5 ..\obj\system_stm32f4xx.o
 .debug_info    0x00010f84      0x458 ..\obj\syscalls.o
 .debug_info    0x000113dc     0x102b ..\obj\usb_bsp.o
 .debug_info    0x00012407     0x1002 ..\obj\usbd_req.o
 .debug_info    0x00013409     0x1de8 ..\obj\usb_dcd_int.o
 .debug_info    0x000151f1      0xf39 ..\obj\usbd_cdc_core.o
 .debug_info    0x0001612a     0x25af ..\obj\ff.o
 .debug_info    0x000186d9      0xb0f ..\obj\stm32f4xx_spi.o
 .debug_info    0x000191e8      0x287 ..\obj\stm32f4xx_rng.o
 .debug_info    0x0001946f      0x357 ..\obj\stm32f4xx_exti.o
 .debug_info    0x000197c6      0x556 ..\obj\misc.o
 .debug_info    0x00019d1c     0x1066 ..\obj\usb_dcd.o
 .debug_info    0x0001ad82      0x432 ..\obj\th_aes.o
 .debug_info    0x0001b1b4     0x10eb ..\obj\stm32f4xx_rtc.o
 .debug_info    0x0001c29f      0xcfe ..\obj\usbd_ioreq.o
 .debug_info    0x0001cf9d      0x3e2 ..\obj\th_crc.o

.debug_abbrev   0x00000000     0x48f2
 .debug_abbrev  0x00000000       0x97 ..\obj\unicode.o
 .debug_abbrev  0x00000097      0x2ed ..\obj\usb_core.o
 .debug_abbrev  0x00000384      0x14d ..\obj\th_adc.o
 .debug_abbrev  0x000004d1      0x111 ..\obj\usbd_usr.o
 .debug_abbrev  0x000005e2      0x239 ..\obj\th_systick.o
 .debug_abbrev  0x0000081b      0x157 ..\obj\stm32f4xx_usart.o
 .debug_abbrev  0x00000972      0x181 ..\obj\stm32f4xx_pwr.o
 .debug_abbrev  0x00000af3      0x209 ..\obj\th_usb_vcp.o
 .debug_abbrev  0x00000cfc      0x1f5 ..\obj\stm32f4xx_can.o
 .debug_abbrev  0x00000ef1      0x19a ..\obj\diskio.o
 .debug_abbrev  0x0000108b      0x236 ..\obj\th_uart.o
 .debug_abbrev  0x000012c1       0xb0 ..\obj\startup_stm32f4xx.o
 .debug_abbrev  0x00001371      0x279 ..\obj\usbd_core.o
 .debug_abbrev  0x000015ea      0x150 ..\obj\main.o
 .debug_abbrev  0x0000173a      0x1e5 ..\obj\stm32f4xx_rcc.o
 .debug_abbrev  0x0000191f      0x198 ..\obj\stm32f4xx_adc.o
 .debug_abbrev  0x00001ab7      0x233 ..\obj\fatfs_sd.o
 .debug_abbrev  0x00001cea      0x14d ..\obj\th_spi.o
 .debug_abbrev  0x00001e37       0xc0 ..\obj\th_rng.o
 .debug_abbrev  0x00001ef7      0x240 ..\obj\functions.o
 .debug_abbrev  0x00002137      0x11b ..\obj\th_gpio.o
 .debug_abbrev  0x00002252      0x103 ..\obj\usbd_desc.o
 .debug_abbrev  0x00002355      0x20f ..\obj\th_can1.o
 .debug_abbrev  0x00002564       0x7f ..\obj\syscall.o
 .debug_abbrev  0x000025e3      0x125 ..\obj\th_rtc.o
 .debug_abbrev  0x00002708      0x25f ..\obj\th_can2.o
 .debug_abbrev  0x00002967      0x14d ..\obj\th_led.o
 .debug_abbrev  0x00002ab4      0x1a7 ..\obj\stm32f4xx_gpio.o
 .debug_abbrev  0x00002c5b      0x17d ..\obj\usbd_cdc_vcp.o
 .debug_abbrev  0x00002dd8      0x138 ..\obj\system_stm32f4xx.o
 .debug_abbrev  0x00002f10       0xe5 ..\obj\syscalls.o
 .debug_abbrev  0x00002ff5      0x213 ..\obj\usb_bsp.o
 .debug_abbrev  0x00003208      0x2a8 ..\obj\usbd_req.o
 .debug_abbrev  0x000034b0      0x25f ..\obj\usb_dcd_int.o
 .debug_abbrev  0x0000370f      0x219 ..\obj\usbd_cdc_core.o
 .debug_abbrev  0x00003928      0x1fc ..\obj\ff.o
 .debug_abbrev  0x00003b24      0x169 ..\obj\stm32f4xx_spi.o
 .debug_abbrev  0x00003c8d      0x146 ..\obj\stm32f4xx_rng.o
 .debug_abbrev  0x00003dd3      0x1a9 ..\obj\stm32f4xx_exti.o
 .debug_abbrev  0x00003f7c      0x147 ..\obj\misc.o
 .debug_abbrev  0x000040c3      0x25d ..\obj\usb_dcd.o
 .debug_abbrev  0x00004320      0x17d ..\obj\th_aes.o
 .debug_abbrev  0x0000449d      0x1b0 ..\obj\stm32f4xx_rtc.o
 .debug_abbrev  0x0000464d      0x1b3 ..\obj\usbd_ioreq.o
 .debug_abbrev  0x00004800       0xf2 ..\obj\th_crc.o

.debug_aranges  0x00000000     0x17c8
 .debug_aranges
                0x00000000       0x28 ..\obj\unicode.o
 .debug_aranges
                0x00000028      0x138 ..\obj\usb_core.o
 .debug_aranges
                0x00000160       0x30 ..\obj\th_adc.o
 .debug_aranges
                0x00000190       0x58 ..\obj\usbd_usr.o
 .debug_aranges
                0x000001e8       0x50 ..\obj\th_systick.o
 .debug_aranges
                0x00000238      0x100 ..\obj\stm32f4xx_usart.o
 .debug_aranges
                0x00000338       0x78 ..\obj\stm32f4xx_pwr.o
 .debug_aranges
                0x000003b0       0x68 ..\obj\th_usb_vcp.o
 .debug_aranges
                0x00000418       0xe0 ..\obj\stm32f4xx_can.o
 .debug_aranges
                0x000004f8      0x118 ..\obj\diskio.o
 .debug_aranges
                0x00000610       0x58 ..\obj\th_uart.o
 .debug_aranges
                0x00000668       0x28 ..\obj\startup_stm32f4xx.o
 .debug_aranges
                0x00000690       0x88 ..\obj\usbd_core.o
 .debug_aranges
                0x00000718       0x20 ..\obj\main.o
 .debug_aranges
                0x00000738      0x178 ..\obj\stm32f4xx_rcc.o
 .debug_aranges
                0x000008b0      0x148 ..\obj\stm32f4xx_adc.o
 .debug_aranges
                0x000009f8       0xa8 ..\obj\fatfs_sd.o
 .debug_aranges
                0x00000aa0       0x40 ..\obj\th_spi.o
 .debug_aranges
                0x00000ae0       0x28 ..\obj\th_rng.o
 .debug_aranges
                0x00000b08       0x80 ..\obj\functions.o
 .debug_aranges
                0x00000b88       0x40 ..\obj\th_gpio.o
 .debug_aranges
                0x00000bc8       0x50 ..\obj\usbd_desc.o
 .debug_aranges
                0x00000c18       0x60 ..\obj\th_can1.o
 .debug_aranges
                0x00000c78       0x28 ..\obj\syscall.o
 .debug_aranges
                0x00000ca0       0x38 ..\obj\th_rtc.o
 .debug_aranges
                0x00000cd8       0x58 ..\obj\th_can2.o
 .debug_aranges
                0x00000d30       0x38 ..\obj\th_led.o
 .debug_aranges
                0x00000d68       0x88 ..\obj\stm32f4xx_gpio.o
 .debug_aranges
                0x00000df0       0x40 ..\obj\usbd_cdc_vcp.o
 .debug_aranges
                0x00000e30       0x30 ..\obj\system_stm32f4xx.o
 .debug_aranges
                0x00000e60       0x60 ..\obj\syscalls.o
 .debug_aranges
                0x00000ec0       0x48 ..\obj\usb_bsp.o
 .debug_aranges
                0x00000f08       0x88 ..\obj\usbd_req.o
 .debug_aranges
                0x00000f90       0x80 ..\obj\usb_dcd_int.o
 .debug_aranges
                0x00001010       0x60 ..\obj\usbd_cdc_core.o
 .debug_aranges
                0x00001070      0x228 ..\obj\ff.o
 .debug_aranges
                0x00001298       0xe0 ..\obj\stm32f4xx_spi.o
 .debug_aranges
                0x00001378       0x58 ..\obj\stm32f4xx_rng.o
 .debug_aranges
                0x000013d0       0x58 ..\obj\stm32f4xx_exti.o
 .debug_aranges
                0x00001428       0x40 ..\obj\misc.o
 .debug_aranges
                0x00001468       0x80 ..\obj\usb_dcd.o
 .debug_aranges
                0x000014e8       0x70 ..\obj\th_aes.o
 .debug_aranges
                0x00001558      0x1e0 ..\obj\stm32f4xx_rtc.o
 .debug_aranges
                0x00001738       0x50 ..\obj\usbd_ioreq.o
 .debug_aranges
                0x00001788       0x40 ..\obj\th_crc.o

.debug_ranges   0x00000000     0x14f8
 .debug_ranges  0x00000000       0x18 ..\obj\unicode.o
 .debug_ranges  0x00000018      0x128 ..\obj\usb_core.o
 .debug_ranges  0x00000140       0x20 ..\obj\th_adc.o
 .debug_ranges  0x00000160       0x48 ..\obj\usbd_usr.o
 .debug_ranges  0x000001a8       0x40 ..\obj\th_systick.o
 .debug_ranges  0x000001e8       0xf0 ..\obj\stm32f4xx_usart.o
 .debug_ranges  0x000002d8       0x68 ..\obj\stm32f4xx_pwr.o
 .debug_ranges  0x00000340       0x58 ..\obj\th_usb_vcp.o
 .debug_ranges  0x00000398       0xd0 ..\obj\stm32f4xx_can.o
 .debug_ranges  0x00000468      0x108 ..\obj\diskio.o
 .debug_ranges  0x00000570       0x48 ..\obj\th_uart.o
 .debug_ranges  0x000005b8       0x18 ..\obj\startup_stm32f4xx.o
 .debug_ranges  0x000005d0       0x78 ..\obj\usbd_core.o
 .debug_ranges  0x00000648       0x10 ..\obj\main.o
 .debug_ranges  0x00000658      0x168 ..\obj\stm32f4xx_rcc.o
 .debug_ranges  0x000007c0      0x138 ..\obj\stm32f4xx_adc.o
 .debug_ranges  0x000008f8       0x98 ..\obj\fatfs_sd.o
 .debug_ranges  0x00000990       0x30 ..\obj\th_spi.o
 .debug_ranges  0x000009c0       0x18 ..\obj\th_rng.o
 .debug_ranges  0x000009d8       0x70 ..\obj\functions.o
 .debug_ranges  0x00000a48       0x30 ..\obj\th_gpio.o
 .debug_ranges  0x00000a78       0x40 ..\obj\usbd_desc.o
 .debug_ranges  0x00000ab8       0x50 ..\obj\th_can1.o
 .debug_ranges  0x00000b08       0x18 ..\obj\syscall.o
 .debug_ranges  0x00000b20       0x28 ..\obj\th_rtc.o
 .debug_ranges  0x00000b48       0x48 ..\obj\th_can2.o
 .debug_ranges  0x00000b90       0x28 ..\obj\th_led.o
 .debug_ranges  0x00000bb8       0x78 ..\obj\stm32f4xx_gpio.o
 .debug_ranges  0x00000c30       0x30 ..\obj\usbd_cdc_vcp.o
 .debug_ranges  0x00000c60       0x20 ..\obj\system_stm32f4xx.o
 .debug_ranges  0x00000c80       0x50 ..\obj\syscalls.o
 .debug_ranges  0x00000cd0       0x38 ..\obj\usb_bsp.o
 .debug_ranges  0x00000d08       0x78 ..\obj\usbd_req.o
 .debug_ranges  0x00000d80       0x70 ..\obj\usb_dcd_int.o
 .debug_ranges  0x00000df0       0x50 ..\obj\usbd_cdc_core.o
 .debug_ranges  0x00000e40      0x218 ..\obj\ff.o
 .debug_ranges  0x00001058       0xd0 ..\obj\stm32f4xx_spi.o
 .debug_ranges  0x00001128       0x48 ..\obj\stm32f4xx_rng.o
 .debug_ranges  0x00001170       0x48 ..\obj\stm32f4xx_exti.o
 .debug_ranges  0x000011b8       0x30 ..\obj\misc.o
 .debug_ranges  0x000011e8       0x70 ..\obj\usb_dcd.o
 .debug_ranges  0x00001258       0x60 ..\obj\th_aes.o
 .debug_ranges  0x000012b8      0x1d0 ..\obj\stm32f4xx_rtc.o
 .debug_ranges  0x00001488       0x40 ..\obj\usbd_ioreq.o
 .debug_ranges  0x000014c8       0x30 ..\obj\th_crc.o

.debug_line     0x00000000     0xadac
 .debug_line    0x00000000      0x122 ..\obj\unicode.o
 .debug_line    0x00000122      0x6f7 ..\obj\usb_core.o
 .debug_line    0x00000819      0x266 ..\obj\th_adc.o
 .debug_line    0x00000a7f      0x260 ..\obj\usbd_usr.o
 .debug_line    0x00000cdf      0x377 ..\obj\th_systick.o
 .debug_line    0x00001056      0x4f5 ..\obj\stm32f4xx_usart.o
 .debug_line    0x0000154b      0x2df ..\obj\stm32f4xx_pwr.o
 .debug_line    0x0000182a      0x325 ..\obj\th_usb_vcp.o
 .debug_line    0x00001b4f      0x5a1 ..\obj\stm32f4xx_can.o
 .debug_line    0x000020f0      0x3cd ..\obj\diskio.o
 .debug_line    0x000024bd      0x487 ..\obj\th_uart.o
 .debug_line    0x00002944       0xa8 ..\obj\startup_stm32f4xx.o
 .debug_line    0x000029ec      0x344 ..\obj\usbd_core.o
 .debug_line    0x00002d30      0x381 ..\obj\main.o
 .debug_line    0x000030b1      0x5e1 ..\obj\stm32f4xx_rcc.o
 .debug_line    0x00003692      0x599 ..\obj\stm32f4xx_adc.o
 .debug_line    0x00003c2b      0x5ca ..\obj\fatfs_sd.o
 .debug_line    0x000041f5      0x2f7 ..\obj\th_spi.o
 .debug_line    0x000044ec      0x22b ..\obj\th_rng.o
 .debug_line    0x00004717      0x4b8 ..\obj\functions.o
 .debug_line    0x00004bcf      0x261 ..\obj\th_gpio.o
 .debug_line    0x00004e30      0x222 ..\obj\usbd_desc.o
 .debug_line    0x00005052      0x3c7 ..\obj\th_can1.o
 .debug_line    0x00005419       0xdc ..\obj\syscall.o
 .debug_line    0x000054f5      0x2f2 ..\obj\th_rtc.o
 .debug_line    0x000057e7      0x455 ..\obj\th_can2.o
 .debug_line    0x00005c3c      0x27c ..\obj\th_led.o
 .debug_line    0x00005eb8      0x39c ..\obj\stm32f4xx_gpio.o
 .debug_line    0x00006254      0x246 ..\obj\usbd_cdc_vcp.o
 .debug_line    0x0000649a      0x210 ..\obj\system_stm32f4xx.o
 .debug_line    0x000066aa      0x1f8 ..\obj\syscalls.o